This is XeTeX, Version 3.141592653-2.6-0.999995 (MiKTeX 24.1) (preloaded format=xelatex 2026.4.8)  8 APR 2026 01:01
entering extended mode
 restricted \write18 enabled.
 %&-line parsing enabled.
**./Proposed_AI_Finance_Project_Report.tex
(Proposed_AI_Finance_Project_Report.tex
LaTeX2e <2023-11-01> patch level 1
L3 programming layer <2024-01-04>
(C:\Users\lekhan hr\AppData\Local\Programs\MiKTeX\tex/latex/base\report.cls
Document Class: report 2023/05/17 v1.4n Standard LaTeX document class
(C:\Users\lekhan hr\AppData\Local\Programs\MiKTeX\tex/latex/base\size12.clo
File: size12.clo 2023/05/17 v1.4n Standard LaTeX file (size option)
)
\c@part=\count183
\c@chapter=\count184
\c@section=\count185
\c@subsection=\count186
\c@subsubsection=\count187
\c@paragraph=\count188
\c@subparagraph=\count189
\c@figure=\count190
\c@table=\count191
\abovecaptionskip=\skip48
\belowcaptionskip=\skip49
\bibindent=\dimen140
)
(C:\Users\lekhan hr\AppData\Local\Programs\MiKTeX\tex/latex/geometry\geometry.s
ty
Package: geometry 2020/01/02 v5.9 Page Geometry

(C:\Users\lekhan hr\AppData\Local\Programs\MiKTeX\tex/latex/graphics\keyval.sty
Package: keyval 2022/05/29 v1.15 key=value parser (DPC)
\KV@toks@=\toks17
)
(C:\Users\lekhan hr\AppData\Local\Programs\MiKTeX\tex/generic/iftex\ifvtex.sty
Package: ifvtex 2019/10/25 v1.7 ifvtex legacy package. Use iftex instead.

(C:\Users\lekhan hr\AppData\Local\Programs\MiKTeX\tex/generic/iftex\iftex.sty
Package: iftex 2022/02/03 v1.0f TeX engine tests
))
\Gm@cnth=\count192
\Gm@cntv=\count193
\c@Gm@tempcnt=\count194
\Gm@bindingoffset=\dimen141
\Gm@wd@mp=\dimen142
\Gm@odd@mp=\dimen143
\Gm@even@mp=\dimen144
\Gm@layoutwidth=\dimen145
\Gm@layoutheight=\dimen146
\Gm@layouthoffset=\dimen147
\Gm@layoutvoffset=\dimen148
\Gm@dimlist=\toks18

(C:\Users\lekhan hr\AppData\Local\Programs\MiKTeX\tex/latex/geometry\geometry.c
fg))
(C:\Users\lekhan hr\AppData\Local\Programs\MiKTeX\tex/latex/fontspec\fontspec.s
ty
(C:\Users\lekhan hr\AppData\Local\Programs\MiKTeX\tex/latex/l3packages/xparse\x
parse.sty
(C:\Users\lekhan hr\AppData\Local\Programs\MiKTeX\tex/latex/l3kernel\expl3.sty
Package: expl3 2024-01-04 L3 programming layer (loader) 

(C:\Users\lekhan hr\AppData\Local\Programs\MiKTeX\tex/latex/l3backend\l3backend
-xetex.def
File: l3backend-xetex.def 2024-01-04 L3 backend support: XeTeX
\g__graphics_track_int=\count195
\l__pdf_internal_box=\box51
\g__pdf_backend_object_int=\count196
\g__pdf_backend_annotation_int=\count197
\g__pdf_backend_link_int=\count198
))
Package: xparse 2023-10-10 L3 Experimental document command parser
)
Package: fontspec 2022/01/15 v2.8a Font selection for XeLaTeX and LuaLaTeX

(C:\Users\lekhan hr\AppData\Local\Programs\MiKTeX\tex/latex/fontspec\fontspec-x
etex.sty
Package: fontspec-xetex 2022/01/15 v2.8a Font selection for XeLaTeX and LuaLaTe
X
\l__fontspec_script_int=\count199
\l__fontspec_language_int=\count266
\l__fontspec_strnum_int=\count267
\l__fontspec_tmp_int=\count268
\l__fontspec_tmpa_int=\count269
\l__fontspec_tmpb_int=\count270
\l__fontspec_tmpc_int=\count271
\l__fontspec_em_int=\count272
\l__fontspec_emdef_int=\count273
\l__fontspec_strong_int=\count274
\l__fontspec_strongdef_int=\count275
\l__fontspec_tmpa_dim=\dimen149
\l__fontspec_tmpb_dim=\dimen150
\l__fontspec_tmpc_dim=\dimen151

(C:\Users\lekhan hr\AppData\Local\Programs\MiKTeX\tex/latex/base\fontenc.sty
Package: fontenc 2021/04/29 v2.0v Standard LaTeX package
)
(C:\Users\lekhan hr\AppData\Local\Programs\MiKTeX\tex/latex/fontspec\fontspec.c
fg)))
(C:\Users\lekhan hr\AppData\Local\Programs\MiKTeX\tex/latex/graphics\graphicx.s
ty
Package: graphicx 2021/09/16 v1.2d Enhanced LaTeX Graphics (DPC,SPQR)

(C:\Users\lekhan hr\AppData\Local\Programs\MiKTeX\tex/latex/graphics\graphics.s
ty
Package: graphics 2022/03/10 v1.4e Standard LaTeX Graphics (DPC,SPQR)

(C:\Users\lekhan hr\AppData\Local\Programs\MiKTeX\tex/latex/graphics\trig.sty
Package: trig 2021/08/11 v1.11 sin cos tan (DPC)
)
(C:\Users\lekhan hr\AppData\Local\Programs\MiKTeX\tex/latex/graphics-cfg\graphi
cs.cfg
File: graphics.cfg 2016/06/04 v1.11 sample graphics configuration
)
Package graphics Info: Driver file: xetex.def on input line 107.

(C:\Users\lekhan hr\AppData\Local\Programs\MiKTeX\tex/latex/graphics-def\xetex.
def
File: xetex.def 2022/09/22 v5.0n Graphics/color driver for xetex
))
\Gin@req@height=\dimen152
\Gin@req@width=\dimen153
)
(C:\Users\lekhan hr\AppData\Local\Programs\MiKTeX\tex/latex/amsmath\amsmath.sty
Package: amsmath 2023/05/13 v2.17o AMS math features
\@mathmargin=\skip50
For additional information on amsmath, use the `?' option.

(C:\Users\lekhan hr\AppData\Local\Programs\MiKTeX\tex/latex/amsmath\amstext.sty
Package: amstext 2021/08/26 v2.01 AMS text
(C:\Users\lekhan hr\AppData\Local\Programs\MiKTeX\tex/latex/amsmath\amsgen.sty
File: amsgen.sty 1999/11/30 v2.0 generic functions
\@emptytoks=\toks19
\ex@=\dimen154
))
(C:\Users\lekhan hr\AppData\Local\Programs\MiKTeX\tex/latex/amsmath\amsbsy.sty
Package: amsbsy 1999/11/29 v1.2d Bold Symbols
\pmbraise@=\dimen155
) (C:\Users\lekhan hr\AppData\Local\Programs\MiKTeX\tex/latex/amsmath\amsopn.st
y
Package: amsopn 2022/04/08 v2.04 operator names
)
\inf@bad=\count276
LaTeX Info: Redefining \frac on input line 234.
\uproot@=\count277
\leftroot@=\count278
LaTeX Info: Redefining \overline on input line 399.
LaTeX Info: Redefining \colon on input line 410.
\classnum@=\count279
\DOTSCASE@=\count280
LaTeX Info: Redefining \ldots on input line 496.
LaTeX Info: Redefining \dots on input line 499.
LaTeX Info: Redefining \cdots on input line 620.
\Mathstrutbox@=\box52
\strutbox@=\box53
LaTeX Info: Redefining \big on input line 722.
LaTeX Info: Redefining \Big on input line 723.
LaTeX Info: Redefining \bigg on input line 724.
LaTeX Info: Redefining \Bigg on input line 725.
\big@size=\dimen156
LaTeX Font Info:    Redeclaring font encoding OML on input line 743.
LaTeX Font Info:    Redeclaring font encoding OMS on input line 744.
\macc@depth=\count281
LaTeX Info: Redefining \bmod on input line 905.
LaTeX Info: Redefining \pmod on input line 910.
LaTeX Info: Redefining \smash on input line 940.
LaTeX Info: Redefining \relbar on input line 970.
LaTeX Info: Redefining \Relbar on input line 971.
\c@MaxMatrixCols=\count282
\dotsspace@=\muskip16
\c@parentequation=\count283
\dspbrk@lvl=\count284
\tag@help=\toks20
\row@=\count285
\column@=\count286
\maxfields@=\count287
\andhelp@=\toks21
\eqnshift@=\dimen157
\alignsep@=\dimen158
\tagshift@=\dimen159
\tagwidth@=\dimen160
\totwidth@=\dimen161
\lineht@=\dimen162
\@envbody=\toks22
\multlinegap=\skip51
\multlinetaggap=\skip52
\mathdisplay@stack=\toks23
LaTeX Info: Redefining \[ on input line 2953.
LaTeX Info: Redefining \] on input line 2954.
)
(C:\Users\lekhan hr\AppData\Local\Programs\MiKTeX\tex/latex/amsfonts\amssymb.st
y
Package: amssymb 2013/01/14 v3.01 AMS font symbols

(C:\Users\lekhan hr\AppData\Local\Programs\MiKTeX\tex/latex/amsfonts\amsfonts.s
ty
Package: amsfonts 2013/01/14 v3.01 Basic AMSFonts support
\symAMSa=\mathgroup4
\symAMSb=\mathgroup5
LaTeX Font Info:    Redeclaring math symbol \hbar on input line 98.
LaTeX Font Info:    Overwriting math alphabet `\mathfrak' in version `bold'
(Font)                  U/euf/m/n --> U/euf/b/n on input line 106.
))
(C:\Users\lekhan hr\AppData\Local\Programs\MiKTeX\tex/latex/booktabs\booktabs.s
ty
Package: booktabs 2020/01/12 v1.61803398 Publication quality tables
\heavyrulewidth=\dimen163
\lightrulewidth=\dimen164
\cmidrulewidth=\dimen165
\belowrulesep=\dimen166
\belowbottomsep=\dimen167
\aboverulesep=\dimen168
\abovetopsep=\dimen169
\cmidrulesep=\dimen170
\cmidrulekern=\dimen171
\defaultaddspace=\dimen172
\@cmidla=\count288
\@cmidlb=\count289
\@aboverulesep=\dimen173
\@belowrulesep=\dimen174
\@thisruleclass=\count290
\@lastruleclass=\count291
\@thisrulewidth=\dimen175
)
(C:\Users\lekhan hr\AppData\Local\Programs\MiKTeX\tex/latex/tools\longtable.sty
Package: longtable 2023-11-01 v4.19 Multi-page Table package (DPC)
\LTleft=\skip53
\LTright=\skip54
\LTpre=\skip55
\LTpost=\skip56
\LTchunksize=\count292
\LTcapwidth=\dimen176
\LT@head=\box54
\LT@firsthead=\box55
\LT@foot=\box56
\LT@lastfoot=\box57
\LT@gbox=\box58
\LT@cols=\count293
\LT@rows=\count294
\c@LT@tables=\count295
\c@LT@chunks=\count296
\LT@p@ftn=\toks24
) (C:\Users\lekhan hr\AppData\Local\Programs\MiKTeX\tex/latex/tools\array.sty
Package: array 2023/10/16 v2.5g Tabular extension package (FMi)
\col@sep=\dimen177
\ar@mcellbox=\box59
\extrarowheight=\dimen178
\NC@list=\toks25
\extratabsurround=\skip57
\backup@length=\skip58
\ar@cellbox=\box60
)
(C:\Users\lekhan hr\AppData\Local\Programs\MiKTeX\tex/latex/multirow\multirow.s
ty
Package: multirow 2024/11/12 v2.9 Span multiple rows of a table
\multirow@colwidth=\skip59
\multirow@cntb=\count297
\multirow@dima=\skip60
\bigstrutjot=\dimen179
)
(C:\Users\lekhan hr\AppData\Local\Programs\MiKTeX\tex/latex/tools\tabularx.sty
Package: tabularx 2023/07/08 v2.11c `tabularx' package (DPC)
\TX@col@width=\dimen180
\TX@old@table=\dimen181
\TX@old@col=\dimen182
\TX@target=\dimen183
\TX@delta=\dimen184
\TX@cols=\count298
\TX@ftn=\toks26
)
(C:\Users\lekhan hr\AppData\Local\Programs\MiKTeX\tex/latex/hyperref\hyperref.s
ty
Package: hyperref 2023-11-26 v7.01g Hypertext links for LaTeX

(C:\Users\lekhan hr\AppData\Local\Programs\MiKTeX\tex/generic/infwarerr\infware
rr.sty
Package: infwarerr 2019/12/03 v1.5 Providing info/warning/error messages (HO)
)
(C:\Users\lekhan hr\AppData\Local\Programs\MiKTeX\tex/latex/kvsetkeys\kvsetkeys
.sty
Package: kvsetkeys 2022-10-05 v1.19 Key value parser (HO)
)
(C:\Users\lekhan hr\AppData\Local\Programs\MiKTeX\tex/generic/kvdefinekeys\kvde
finekeys.sty
Package: kvdefinekeys 2019-12-19 v1.6 Define keys (HO)
)
(C:\Users\lekhan hr\AppData\Local\Programs\MiKTeX\tex/generic/pdfescape\pdfesca
pe.sty
Package: pdfescape 2019/12/09 v1.15 Implements pdfTeX's escape features (HO)

(C:\Users\lekhan hr\AppData\Local\Programs\MiKTeX\tex/generic/ltxcmds\ltxcmds.s
ty
Package: ltxcmds 2023-12-04 v1.26 LaTeX kernel commands for general use (HO)
)
(C:\Users\lekhan hr\AppData\Local\Programs\MiKTeX\tex/generic/pdftexcmds\pdftex
cmds.sty
Package: pdftexcmds 2020-06-27 v0.33 Utility functions of pdfTeX for LuaTeX (HO
)
Package pdftexcmds Info: \pdf@primitive is available.
Package pdftexcmds Info: \pdf@ifprimitive is available.
Package pdftexcmds Info: \pdfdraftmode not found.
))
(C:\Users\lekhan hr\AppData\Local\Programs\MiKTeX\tex/latex/hycolor\hycolor.sty
Package: hycolor 2020-01-27 v1.10 Color options for hyperref/bookmark (HO)
)
(C:\Users\lekhan hr\AppData\Local\Programs\MiKTeX\tex/latex/letltxmacro\letltxm
acro.sty
Package: letltxmacro 2019/12/03 v1.6 Let assignment for LaTeX macros (HO)
)
(C:\Users\lekhan hr\AppData\Local\Programs\MiKTeX\tex/latex/auxhook\auxhook.sty
Package: auxhook 2019-12-17 v1.6 Hooks for auxiliary files (HO)
)
(C:\Users\lekhan hr\AppData\Local\Programs\MiKTeX\tex/latex/hyperref\nameref.st
y
Package: nameref 2023-11-26 v2.56 Cross-referencing by name of section

(C:\Users\lekhan hr\AppData\Local\Programs\MiKTeX\tex/latex/refcount\refcount.s
ty
Package: refcount 2019/12/15 v3.6 Data extraction from label references (HO)
)
(C:\Users\lekhan hr\AppData\Local\Programs\MiKTeX\tex/generic/gettitlestring\ge
ttitlestring.sty
Package: gettitlestring 2019/12/15 v1.6 Cleanup title references (HO)

(C:\Users\lekhan hr\AppData\Local\Programs\MiKTeX\tex/latex/kvoptions\kvoptions
.sty
Package: kvoptions 2022-06-15 v3.15 Key value format for package options (HO)
))
\c@section@level=\count299
)
(C:\Users\lekhan hr\AppData\Local\Programs\MiKTeX\tex/latex/etoolbox\etoolbox.s
ty
Package: etoolbox 2020/10/05 v2.5k e-TeX tools for LaTeX (JAW)
\etb@tempcnta=\count300
)
\@linkdim=\dimen185
\Hy@linkcounter=\count301
\Hy@pagecounter=\count302

(C:\Users\lekhan hr\AppData\Local\Programs\MiKTeX\tex/latex/hyperref\pd1enc.def
File: pd1enc.def 2023-11-26 v7.01g Hyperref: PDFDocEncoding definition (HO)
)
(C:\Users\lekhan hr\AppData\Local\Programs\MiKTeX\tex/generic/intcalc\intcalc.s
ty
Package: intcalc 2019/12/15 v1.3 Expandable calculations with integers (HO)
)
\Hy@SavedSpaceFactor=\count303

(C:\Users\lekhan hr\AppData\Local\Programs\MiKTeX\tex/latex/hyperref\puenc.def
File: puenc.def 2023-11-26 v7.01g Hyperref: PDF Unicode definition (HO)
)
Package hyperref Info: Hyper figures OFF on input line 4181.
Package hyperref Info: Link nesting OFF on input line 4186.
Package hyperref Info: Hyper index ON on input line 4189.
Package hyperref Info: Plain pages OFF on input line 4196.
Package hyperref Info: Backreferencing OFF on input line 4201.
Package hyperref Info: Implicit mode ON; LaTeX internals redefined.
Package hyperref Info: Bookmarks ON on input line 4448.
\c@Hy@tempcnt=\count304
(C:\Users\lekhan hr\AppData\Local\Programs\MiKTeX\tex/latex/url\url.sty
\Urlmuskip=\muskip17
Package: url 2013/09/16  ver 3.4  Verb mode for urls, etc.
)
LaTeX Info: Redefining \url on input line 4786.
\XeTeXLinkMargin=\dimen186

(C:\Users\lekhan hr\AppData\Local\Programs\MiKTeX\tex/generic/bitset\bitset.sty
Package: bitset 2019/12/09 v1.3 Handle bit-vector datatype (HO)

(C:\Users\lekhan hr\AppData\Local\Programs\MiKTeX\tex/generic/bigintcalc\bigint
calc.sty
Package: bigintcalc 2019/12/15 v1.5 Expandable calculations on big integers (HO
)
))
\Fld@menulength=\count305
\Field@Width=\dimen187
\Fld@charsize=\dimen188
Package hyperref Info: Hyper figures OFF on input line 6065.
Package hyperref Info: Link nesting OFF on input line 6070.
Package hyperref Info: Hyper index ON on input line 6073.
Package hyperref Info: backreferencing OFF on input line 6080.
Package hyperref Info: Link coloring OFF on input line 6085.
Package hyperref Info: Link coloring with OCG OFF on input line 6090.
Package hyperref Info: PDF/A mode OFF on input line 6095.

(C:\Users\lekhan hr\AppData\Local\Programs\MiKTeX\tex/latex/base\atbegshi-ltx.s
ty
Package: atbegshi-ltx 2021/01/10 v1.0c Emulation of the original atbegshi
package with kernel methods
)
\Hy@abspage=\count306
\c@Item=\count307
\c@Hfootnote=\count308
)
Package hyperref Info: Driver (autodetected): hxetex.

(C:\Users\lekhan hr\AppData\Local\Programs\MiKTeX\tex/latex/hyperref\hxetex.def
File: hxetex.def 2023-11-26 v7.01g Hyperref driver for XeTeX

(C:\Users\lekhan hr\AppData\Local\Programs\MiKTeX\tex/generic/stringenc\stringe
nc.sty
Package: stringenc 2019/11/29 v1.12 Convert strings between diff. encodings (HO
)
)
\pdfm@box=\box61
\c@Hy@AnnotLevel=\count309
\HyField@AnnotCount=\count310
\Fld@listcount=\count311
\c@bookmark@seq@number=\count312

(C:\Users\lekhan hr\AppData\Local\Programs\MiKTeX\tex/latex/rerunfilecheck\reru
nfilecheck.sty
Package: rerunfilecheck 2025-06-21 v1.11 Rerun checks for auxiliary files (HO)

(C:\Users\lekhan hr\AppData\Local\Programs\MiKTeX\tex/generic/uniquecounter\uni
quecounter.sty
Package: uniquecounter 2019/12/15 v1.4 Provide unlimited unique counter (HO)
)
Package uniquecounter Info: New unique counter `rerunfilecheck' on input line 2
84.
)
\Hy@SectionHShift=\skip61
)
(C:\Users\lekhan hr\AppData\Local\Programs\MiKTeX\tex/latex/xcolor\xcolor.sty
Package: xcolor 2023/11/15 v3.01 LaTeX color extensions (UK)

(C:\Users\lekhan hr\AppData\Local\Programs\MiKTeX\tex/latex/graphics-cfg\color.
cfg
File: color.cfg 2016/01/02 v1.6 sample color configuration
)
Package xcolor Info: Driver file: xetex.def on input line 274.

(C:\Users\lekhan hr\AppData\Local\Programs\MiKTeX\tex/latex/graphics\mathcolor.
ltx)
Package xcolor Info: Model `cmy' substituted by `cmy0' on input line 1350.
Package xcolor Info: Model `RGB' extended on input line 1366.
Package xcolor Info: Model `HTML' substituted by `rgb' on input line 1368.
Package xcolor Info: Model `Hsb' substituted by `hsb' on input line 1369.
Package xcolor Info: Model `tHsb' substituted by `hsb' on input line 1370.
Package xcolor Info: Model `HSB' substituted by `hsb' on input line 1371.
Package xcolor Info: Model `Gray' substituted by `gray' on input line 1372.
Package xcolor Info: Model `wave' substituted by `hsb' on input line 1373.
)
(C:\Users\lekhan hr\AppData\Local\Programs\MiKTeX\tex/latex/fancyhdr\fancyhdr.s
ty
Package: fancyhdr 2025/02/07 v5.2 Extensive control of page headers and footers

\f@nch@headwidth=\skip62
\f@nch@offset@elh=\skip63
\f@nch@offset@erh=\skip64
\f@nch@offset@olh=\skip65
\f@nch@offset@orh=\skip66
\f@nch@offset@elf=\skip67
\f@nch@offset@erf=\skip68
\f@nch@offset@olf=\skip69
\f@nch@offset@orf=\skip70
\f@nch@height=\skip71
\f@nch@footalignment=\skip72
\f@nch@widthL=\skip73
\f@nch@widthC=\skip74
\f@nch@widthR=\skip75
\@temptokenb=\toks27
)
(C:\Users\lekhan hr\AppData\Local\Programs\MiKTeX\tex/latex/titlesec\titlesec.s
ty
Package: titlesec 2025/01/04 v2.17 Sectioning titles
\ttl@box=\box62
\beforetitleunit=\skip76
\aftertitleunit=\skip77
\ttl@plus=\dimen189
\ttl@minus=\dimen190
\ttl@toksa=\toks28
\titlewidth=\dimen191
\titlewidthlast=\dimen192
\titlewidthfirst=\dimen193
)
(C:\Users\lekhan hr\AppData\Local\Programs\MiKTeX\tex/latex/setspace\setspace.s
ty
Package: setspace 2022/12/04 v6.7b set line spacing
)
(C:\Users\lekhan hr\AppData\Local\Programs\MiKTeX\tex/latex/enumitem\enumitem.s
ty
Package: enumitem 2025/02/06 v3.11 Customized lists
\labelindent=\skip78
\enit@outerparindent=\dimen194
\enit@toks=\toks29
\enit@inbox=\box63
\enit@count@id=\count313
\enitdp@description=\count314
) (C:\Users\lekhan hr\AppData\Local\Programs\MiKTeX\tex/latex/float\float.sty
Package: float 2001/11/08 v1.3d Float enhancements (AL)
\c@float@type=\count315
\float@exts=\toks30
\float@box=\box64
\@float@everytoks=\toks31
\@floatcapt=\box65
)
(C:\Users\lekhan hr\AppData\Local\Programs\MiKTeX\tex/latex/caption\caption.sty
Package: caption 2023/08/05 v3.6o Customizing captions (AR)

(C:\Users\lekhan hr\AppData\Local\Programs\MiKTeX\tex/latex/caption\caption3.st
y
Package: caption3 2023/07/31 v2.4d caption3 kernel (AR)
\caption@tempdima=\dimen195
\captionmargin=\dimen196
\caption@leftmargin=\dimen197
\caption@rightmargin=\dimen198
\caption@width=\dimen199
\caption@indent=\dimen256
\caption@parindent=\dimen257
\caption@hangindent=\dimen258
Package caption Info: Standard document class detected.
)
\c@caption@flags=\count316
\c@continuedfloat=\count317
Package caption Info: float package is loaded.
Package caption Info: hyperref package is loaded.
Package caption Info: longtable package is loaded.

(C:\Users\lekhan hr\AppData\Local\Programs\MiKTeX\tex/latex/caption\ltcaption.s
ty
Package: ltcaption 2021/01/08 v1.4c longtable captions (AR)
))
(C:\Users\lekhan hr\AppData\Local\Programs\MiKTeX\tex/latex/algorithms\algorith
m.sty
Invalid UTF-8 byte or sequence at line 11 replaced by U+FFFD.
Package: algorithm 2009/08/24 v0.1 Document Style `algorithm' - floating enviro
nment

(C:\Users\lekhan hr\AppData\Local\Programs\MiKTeX\tex/latex/base\ifthen.sty
Package: ifthen 2022/04/13 v1.1d Standard LaTeX ifthen package (DPC)
)
\@float@every@algorithm=\toks32
\c@algorithm=\count318
)
(C:\Users\lekhan hr\AppData\Local\Programs\MiKTeX\tex/latex/algorithmicx\algpse
udocode.sty
Package: algpseudocode 

(C:\Users\lekhan hr\AppData\Local\Programs\MiKTeX\tex/latex/algorithmicx\algori
thmicx.sty
Package: algorithmicx 2005/04/27 v1.2 Algorithmicx

Document Style algorithmicx 1.2 - a greatly improved `algorithmic' style
\c@ALG@line=\count319
\c@ALG@rem=\count320
\c@ALG@nested=\count321
\ALG@tlm=\skip79
\ALG@thistlm=\skip80
\c@ALG@Lnr=\count322
\c@ALG@blocknr=\count323
\c@ALG@storecount=\count324
\c@ALG@tmpcounter=\count325
\ALG@tmplength=\skip81
)
Document Style - pseudocode environments for use with the `algorithmicx' style
)
(C:\Users\lekhan hr\AppData\Local\Programs\MiKTeX\tex/latex/tocloft\tocloft.sty
Package: tocloft 2017/08/31 v2.3i parameterised ToC, etc., typesetting
Package tocloft Info: The document has chapter divisions on input line 51.
\cftparskip=\skip82
\cftbeforetoctitleskip=\skip83
\cftaftertoctitleskip=\skip84
\cftbeforepartskip=\skip85
\cftpartnumwidth=\skip86
\cftpartindent=\skip87
\cftbeforechapskip=\skip88
\cftchapindent=\skip89
\cftchapnumwidth=\skip90
\cftbeforesecskip=\skip91
\cftsecindent=\skip92
\cftsecnumwidth=\skip93
\cftbeforesubsecskip=\skip94
\cftsubsecindent=\skip95
\cftsubsecnumwidth=\skip96
\cftbeforesubsubsecskip=\skip97
\cftsubsubsecindent=\skip98
\cftsubsubsecnumwidth=\skip99
\cftbeforeparaskip=\skip100
\cftparaindent=\skip101
\cftparanumwidth=\skip102
\cftbeforesubparaskip=\skip103
\cftsubparaindent=\skip104
\cftsubparanumwidth=\skip105
\cftbeforeloftitleskip=\skip106
\cftafterloftitleskip=\skip107
\cftbeforefigskip=\skip108
\cftfigindent=\skip109
\cftfignumwidth=\skip110
\c@lofdepth=\count326
\c@lotdepth=\count327
\cftbeforelottitleskip=\skip111
\cftafterlottitleskip=\skip112
\cftbeforetabskip=\skip113
\cfttabindent=\skip114
\cfttabnumwidth=\skip115
)
(C:\Users\lekhan hr\AppData\Local\Programs\MiKTeX\tex/latex/ragged2e\ragged2e.s
ty
Package: ragged2e 2023/06/22 v3.6 ragged2e Package
\CenteringLeftskip=\skip116
\RaggedLeftLeftskip=\skip117
\RaggedRightLeftskip=\skip118
\CenteringRightskip=\skip119
\RaggedLeftRightskip=\skip120
\RaggedRightRightskip=\skip121
\CenteringParfillskip=\skip122
\RaggedLeftParfillskip=\skip123
\RaggedRightParfillskip=\skip124
\JustifyingParfillskip=\skip125
\CenteringParindent=\skip126
\RaggedLeftParindent=\skip127
\RaggedRightParindent=\skip128
\JustifyingParindent=\skip129
)

Package fontspec Info: Font family 'TimesNewRoman(0)' created for font 'Times
(fontspec)             New Roman' with options [Ligatures=TeX,Ligatures=TeX].
(fontspec)              
(fontspec)              This font family consists of the following NFSS
(fontspec)             series/shapes:
(fontspec)              
(fontspec)             - 'normal' (m/n) with NFSS spec.: <->"Times New
(fontspec)             Roman/OT:script=latn;language=dflt;mapping=tex-text;"
(fontspec)             - 'small caps'  (m/sc) with NFSS spec.: <->"Times New
(fontspec)             Roman/OT:script=latn;language=dflt;+smcp;mapping=tex-tex
t;"
(fontspec)             - 'bold' (b/n) with NFSS spec.: <->"Times New
(fontspec)             Roman/B/OT:script=latn;language=dflt;mapping=tex-text;"
(fontspec)             - 'bold small caps'  (b/sc) with NFSS spec.: <->"Times
(fontspec)             New
(fontspec)             Roman/B/OT:script=latn;language=dflt;+smcp;mapping=tex-t
ext;"
(fontspec)             - 'italic' (m/it) with NFSS spec.: <->"Times New
(fontspec)             Roman/I/OT:script=latn;language=dflt;mapping=tex-text;"
(fontspec)             - 'italic small caps'  (m/scit) with NFSS spec.:
(fontspec)             <->"Times New
(fontspec)             Roman/I/OT:script=latn;language=dflt;+smcp;mapping=tex-t
ext;"
(fontspec)             - 'bold italic' (b/it) with NFSS spec.: <->"Times New
(fontspec)             Roman/BI/OT:script=latn;language=dflt;mapping=tex-text;"

(fontspec)             - 'bold italic small caps'  (b/scit) with NFSS spec.:
(fontspec)             <->"Times New
(fontspec)             Roman/BI/OT:script=latn;language=dflt;+smcp;mapping=tex-
text;"


Package fontspec Info: Font family 'CourierNew(0)' created for font 'Courier
(fontspec)             New' with options
(fontspec)             [Ligatures=TeX,WordSpace={1,0,0},HyphenChar=None,Punctua
tionSpace=WordSpace].
(fontspec)              
(fontspec)              This font family consists of the following NFSS
(fontspec)             series/shapes:
(fontspec)              
(fontspec)             - 'normal' (m/n) with NFSS spec.: <->"Courier
(fontspec)             New/OT:script=latn;language=dflt;mapping=tex-text;"
(fontspec)             - 'small caps'  (m/sc) with NFSS spec.: 
(fontspec)             and font adjustment code:
(fontspec)             \fontdimen 2\font =1\fontdimen 2\font \fontdimen 3\font
(fontspec)             =0\fontdimen 3\font \fontdimen 4\font =0\fontdimen
(fontspec)             4\font \fontdimen 7\font =0\fontdimen 2\font
(fontspec)             \tex_hyphenchar:D \font =-1\scan_stop: 
(fontspec)             - 'bold' (b/n) with NFSS spec.: <->"Courier
(fontspec)             New/B/OT:script=latn;language=dflt;mapping=tex-text;"
(fontspec)             - 'bold small caps'  (b/sc) with NFSS spec.: 
(fontspec)             and font adjustment code:
(fontspec)             \fontdimen 2\font =1\fontdimen 2\font \fontdimen 3\font
(fontspec)             =0\fontdimen 3\font \fontdimen 4\font =0\fontdimen
(fontspec)             4\font \fontdimen 7\font =0\fontdimen 2\font
(fontspec)             \tex_hyphenchar:D \font =-1\scan_stop: 
(fontspec)             - 'italic' (m/it) with NFSS spec.: <->"Courier
(fontspec)             New/I/OT:script=latn;language=dflt;mapping=tex-text;"
(fontspec)             - 'italic small caps'  (m/scit) with NFSS spec.: 
(fontspec)             and font adjustment code:
(fontspec)             \fontdimen 2\font =1\fontdimen 2\font \fontdimen 3\font
(fontspec)             =0\fontdimen 3\font \fontdimen 4\font =0\fontdimen
(fontspec)             4\font \fontdimen 7\font =0\fontdimen 2\font
(fontspec)             \tex_hyphenchar:D \font =-1\scan_stop: 
(fontspec)             - 'bold italic' (b/it) with NFSS spec.: <->"Courier
(fontspec)             New/BI/OT:script=latn;language=dflt;mapping=tex-text;"
(fontspec)             - 'bold italic small caps'  (b/scit) with NFSS spec.: 
(fontspec)             and font adjustment code:
(fontspec)             \fontdimen 2\font =1\fontdimen 2\font \fontdimen 3\font
(fontspec)             =0\fontdimen 3\font \fontdimen 4\font =0\fontdimen
(fontspec)             4\font \fontdimen 7\font =0\fontdimen 2\font
(fontspec)             \tex_hyphenchar:D \font =-1\scan_stop: 

Package hyperref Info: Option `colorlinks' set `true' on input line 38.
 (Proposed_AI_Finance_Project_Report.aux)
\openout1 = `Proposed_AI_Finance_Project_Report.aux'.

LaTeX Font Info:    Checking defaults for OML/cmm/m/it on input line 92.
LaTeX Font Info:    ... okay on input line 92.
LaTeX Font Info:    Checking defaults for OMS/cmsy/m/n on input line 92.
LaTeX Font Info:    ... okay on input line 92.
LaTeX Font Info:    Checking defaults for OT1/cmr/m/n on input line 92.
LaTeX Font Info:    ... okay on input line 92.
LaTeX Font Info:    Checking defaults for T1/cmr/m/n on input line 92.
LaTeX Font Info:    ... okay on input line 92.
LaTeX Font Info:    Checking defaults for TS1/cmr/m/n on input line 92.
LaTeX Font Info:    Trying to load font information for TS1+cmr on input line 9
2.

(C:\Users\lekhan hr\AppData\Local\Programs\MiKTeX\tex/latex/base\ts1cmr.fd
File: ts1cmr.fd 2023/04/13 v2.5m Standard LaTeX font definitions
)
LaTeX Font Info:    ... okay on input line 92.
LaTeX Font Info:    Checking defaults for TU/lmr/m/n on input line 92.
LaTeX Font Info:    ... okay on input line 92.
LaTeX Font Info:    Checking defaults for OMX/cmex/m/n on input line 92.
LaTeX Font Info:    ... okay on input line 92.
LaTeX Font Info:    Checking defaults for U/cmr/m/n on input line 92.
LaTeX Font Info:    ... okay on input line 92.
LaTeX Font Info:    Checking defaults for PD1/pdf/m/n on input line 92.
LaTeX Font Info:    ... okay on input line 92.
LaTeX Font Info:    Checking defaults for PU/pdf/m/n on input line 92.
LaTeX Font Info:    ... okay on input line 92.

*geometry* driver: auto-detecting
*geometry* detected driver: xetex
*geometry* verbose mode - [ preamble ] result:
* driver: xetex
* paper: a4paper
* layout: <same size as paper>
* layoutoffset:(h,v)=(0.0pt,0.0pt)
* modes: 
* h-part:(L,W,R)=(72.26999pt, 452.9679pt, 72.26999pt)
* v-part:(T,H,B)=(72.26999pt, 700.50687pt, 72.26999pt)
* \paperwidth=597.50787pt
* \paperheight=845.04684pt
* \textwidth=452.9679pt
* \textheight=700.50687pt
* \oddsidemargin=0.0pt
* \evensidemargin=0.0pt
* \topmargin=-37.0pt
* \headheight=15.0pt
* \headsep=25.0pt
* \topskip=12.0pt
* \footskip=30.0pt
* \marginparwidth=35.0pt
* \marginparsep=10.0pt
* \columnsep=10.0pt
* \skip\footins=10.8pt plus 4.0pt minus 2.0pt
* \hoffset=0.0pt
* \voffset=0.0pt
* \mag=1000
* \@twocolumnfalse
* \@twosidefalse
* \@mparswitchfalse
* \@reversemarginfalse
* (1in=72.27pt=25.4mm, 1cm=28.453pt)


Package fontspec Info: Adjusting the maths setup (use [no-math] to avoid
(fontspec)             this).

\symlegacymaths=\mathgroup6
LaTeX Font Info:    Overwriting symbol font `legacymaths' in version `bold'
(Font)                  OT1/cmr/m/n --> OT1/cmr/bx/n on input line 92.
LaTeX Font Info:    Redeclaring math accent \acute on input line 92.
LaTeX Font Info:    Redeclaring math accent \grave on input line 92.
LaTeX Font Info:    Redeclaring math accent \ddot on input line 92.
LaTeX Font Info:    Redeclaring math accent \tilde on input line 92.
LaTeX Font Info:    Redeclaring math accent \bar on input line 92.
LaTeX Font Info:    Redeclaring math accent \breve on input line 92.
LaTeX Font Info:    Redeclaring math accent \check on input line 92.
LaTeX Font Info:    Redeclaring math accent \hat on input line 92.
LaTeX Font Info:    Redeclaring math accent \dot on input line 92.
LaTeX Font Info:    Redeclaring math accent \mathring on input line 92.
LaTeX Font Info:    Redeclaring math symbol \Gamma on input line 92.
LaTeX Font Info:    Redeclaring math symbol \Delta on input line 92.
LaTeX Font Info:    Redeclaring math symbol \Theta on input line 92.
LaTeX Font Info:    Redeclaring math symbol \Lambda on input line 92.
LaTeX Font Info:    Redeclaring math symbol \Xi on input line 92.
LaTeX Font Info:    Redeclaring math symbol \Pi on input line 92.
LaTeX Font Info:    Redeclaring math symbol \Sigma on input line 92.
LaTeX Font Info:    Redeclaring math symbol \Upsilon on input line 92.
LaTeX Font Info:    Redeclaring math symbol \Phi on input line 92.
LaTeX Font Info:    Redeclaring math symbol \Psi on input line 92.
LaTeX Font Info:    Redeclaring math symbol \Omega on input line 92.
LaTeX Font Info:    Redeclaring math symbol \mathdollar on input line 92.
LaTeX Font Info:    Redeclaring symbol font `operators' on input line 92.
LaTeX Font Info:    Encoding `OT1' has changed to `TU' for symbol font
(Font)              `operators' in the math version `normal' on input line 92.
LaTeX Font Info:    Overwriting symbol font `operators' in version `normal'
(Font)                  OT1/cmr/m/n --> TU/TimesNewRoman(0)/m/n on input line 9
2.
LaTeX Font Info:    Encoding `OT1' has changed to `TU' for symbol font
(Font)              `operators' in the math version `bold' on input line 92.
LaTeX Font Info:    Overwriting symbol font `operators' in version `bold'
(Font)                  OT1/cmr/bx/n --> TU/TimesNewRoman(0)/m/n on input line 
92.
LaTeX Font Info:    Overwriting symbol font `operators' in version `normal'
(Font)                  TU/TimesNewRoman(0)/m/n --> TU/TimesNewRoman(0)/m/n on 
input line 92.
LaTeX Font Info:    Overwriting math alphabet `\mathit' in version `normal'
(Font)                  OT1/cmr/m/it --> TU/TimesNewRoman(0)/m/it on input line
 92.
LaTeX Font Info:    Overwriting math alphabet `\mathbf' in version `normal'
(Font)                  OT1/cmr/bx/n --> TU/TimesNewRoman(0)/b/n on input line 
92.
LaTeX Font Info:    Overwriting math alphabet `\mathsf' in version `normal'
(Font)                  OT1/cmss/m/n --> TU/lmss/m/n on input line 92.
LaTeX Font Info:    Overwriting math alphabet `\mathtt' in version `normal'
(Font)                  OT1/cmtt/m/n --> TU/CourierNew(0)/m/n on input line 92.

LaTeX Font Info:    Overwriting symbol font `operators' in version `bold'
(Font)                  TU/TimesNewRoman(0)/m/n --> TU/TimesNewRoman(0)/b/n on 
input line 92.
LaTeX Font Info:    Overwriting math alphabet `\mathit' in version `bold'
(Font)                  OT1/cmr/bx/it --> TU/TimesNewRoman(0)/b/it on input lin
e 92.
LaTeX Font Info:    Overwriting math alphabet `\mathsf' in version `bold'
(Font)                  OT1/cmss/bx/n --> TU/lmss/b/n on input line 92.
LaTeX Font Info:    Overwriting math alphabet `\mathtt' in version `bold'
(Font)                  OT1/cmtt/m/n --> TU/CourierNew(0)/b/n on input line 92.

Package hyperref Info: Link coloring ON on input line 92.
(Proposed_AI_Finance_Project_Report.out)
(Proposed_AI_Finance_Project_Report.out)
\@outlinefile=\write3
\openout3 = `Proposed_AI_Finance_Project_Report.out'.

Package caption Info: Begin \AtBeginDocument code.
Package caption Info: End \AtBeginDocument code.
LaTeX Font Info:    Trying to load font information for U+msa on input line 108
.

(C:\Users\lekhan hr\AppData\Local\Programs\MiKTeX\tex/latex/amsfonts\umsa.fd
File: umsa.fd 2013/01/14 v3.01 AMS symbols A
)
LaTeX Font Info:    Trying to load font information for U+msb on input line 108
.

(C:\Users\lekhan hr\AppData\Local\Programs\MiKTeX\tex/latex/amsfonts\umsb.fd
File: umsb.fd 2013/01/14 v3.01 AMS symbols B
)
[1

] [1

] [2

] [1

]
Overfull \hbox (5.56335pt too wide) in paragraph at lines 227--228
[]\TU/TimesNewRoman(0)/m/n/12 The expected contribution of the project lies in 
demonstrating how explainability and privacy-
 []

[2

] (Proposed_AI_Finance_Project_Report.toc [3] [4] [5])
\tf@toc=\write4
\openout4 = `Proposed_AI_Finance_Project_Report.toc'.


(Proposed_AI_Finance_Project_Report.lof)
\tf@lof=\write5
\openout5 = `Proposed_AI_Finance_Project_Report.lof'.


(Proposed_AI_Finance_Project_Report.lot [6])
\tf@lot=\write6
\openout6 = `Proposed_AI_Finance_Project_Report.lot'.

 [7] [8

]
Chapter 1.
[1


] [2] [3] [4]
Chapter 2.
[5

] [6] [7]
Chapter 3.
[8

] [9]
Overfull \hbox (452.9679pt too wide) detected at line 665
[]
 []


Underfull \hbox (badness 10000) in alignment at lines 664--675
[] [] [] [] [] []
 []


Underfull \hbox (badness 10000) in alignment at lines 675--684
[] [] [] [] [] []
 []


Underfull \hbox (badness 10000) in paragraph at lines 687--687
[]|\TU/TimesNewRoman(0)/m/n/10.95 International
 []


Underfull \hbox (badness 10000) in paragraph at lines 687--687
\TU/TimesNewRoman(0)/m/n/10.95 Survey of
 []


Underfull \hbox (badness 6658) in paragraph at lines 687--687
\TU/TimesNewRoman(0)/m/n/10.95 Adult Financial
 []


Underfull \hbox (badness 10000) in paragraph at lines 688--688
[]|\TU/TimesNewRoman(0)/m/n/10.95 Large-scale
 []


Underfull \hbox (badness 10000) in paragraph at lines 688--688
\TU/TimesNewRoman(0)/m/n/10.95 cross-country
 []


Underfull \hbox (badness 6625) in paragraph at lines 689--689
[]|\TU/TimesNewRoman(0)/m/n/10.95 Provides strong
 []


Underfull \hbox (badness 10000) in paragraph at lines 689--689
\TU/TimesNewRoman(0)/m/n/10.95 evidence on
 []


Underfull \hbox (badness 10000) in paragraph at lines 689--689
\TU/TimesNewRoman(0)/m/n/10.95 financial lit-
 []


Underfull \hbox (badness 10000) in paragraph at lines 689--689
\TU/TimesNewRoman(0)/m/n/10.95 eracy gaps
 []


Underfull \hbox (badness 10000) in paragraph at lines 689--689
\TU/TimesNewRoman(0)/m/n/10.95 and resilience
 []


Underfull \hbox (badness 10000) in paragraph at lines 690--691
[]|\TU/TimesNewRoman(0)/m/n/10.95 Does not pro-
 []


Underfull \hbox (badness 10000) in paragraph at lines 690--691
\TU/TimesNewRoman(0)/m/n/10.95 pose a digital
 []


Underfull \hbox (badness 10000) in paragraph at lines 690--691
\TU/TimesNewRoman(0)/m/n/10.95 intervention
 []


Underfull \hbox (badness 6396) in paragraph at lines 690--691
\TU/TimesNewRoman(0)/m/n/10.95 model for per-
 []


Underfull \hbox (badness 10000) in paragraph at lines 690--691
\TU/TimesNewRoman(0)/m/n/10.95 sonal finance
 []


Underfull \hbox (badness 5008) in paragraph at lines 694--694
[]|\TU/TimesNewRoman(0)/m/n/10.95 PISA 2022 Fi-
 []


Underfull \hbox (badness 1215) in paragraph at lines 694--694
\TU/TimesNewRoman(0)/m/n/10.95 nancial Literacy
 []


Underfull \hbox (badness 10000) in paragraph at lines 695--695
[]|\TU/TimesNewRoman(0)/m/n/10.95 Assessment-
 []


Underfull \hbox (badness 10000) in paragraph at lines 695--695
\TU/TimesNewRoman(0)/m/n/10.95 based educa-
 []


Underfull \hbox (badness 10000) in paragraph at lines 696--696
[]|\TU/TimesNewRoman(0)/m/n/10.95 Highlights
 []


Underfull \hbox (badness 10000) in paragraph at lines 696--696
\TU/TimesNewRoman(0)/m/n/10.95 money-
 []


Underfull \hbox (badness 10000) in paragraph at lines 696--696
\TU/TimesNewRoman(0)/m/n/10.95 management
 []


Underfull \hbox (badness 10000) in paragraph at lines 696--696
\TU/TimesNewRoman(0)/m/n/10.95 challenges
 []


Underfull \hbox (badness 10000) in paragraph at lines 696--696
\TU/TimesNewRoman(0)/m/n/10.95 among young
 []


Underfull \hbox (badness 1721) in paragraph at lines 697--698
[]|\TU/TimesNewRoman(0)/m/n/10.95 Focused on ed-
 []


Underfull \hbox (badness 8094) in paragraph at lines 699--699
[]|\TU/TimesNewRoman(0)/m/n/10.95 Frisancho \TU/TimesNewRoman(0)/m/it/10.95 et
 []


Underfull \hbox (badness 6001) in paragraph at lines 701--701
[]|\TU/TimesNewRoman(0)/m/n/10.95 Can a Mobile-
 []


Underfull \hbox (badness 10000) in paragraph at lines 701--701
\TU/TimesNewRoman(0)/m/n/10.95 App-Based
 []


Underfull \hbox (badness 10000) in paragraph at lines 701--701
\TU/TimesNewRoman(0)/m/n/10.95 Behavioral In-
 []


Underfull \hbox (badness 6625) in paragraph at lines 701--701
\TU/TimesNewRoman(0)/m/n/10.95 Financial Skills
 []


Underfull \hbox (badness 10000) in paragraph at lines 701--701
\TU/TimesNewRoman(0)/m/n/10.95 to Vulnerable
 []


Underfull \hbox (badness 10000) in paragraph at lines 702--702
[]|\TU/TimesNewRoman(0)/m/n/10.95 Behavioral
 []


Underfull \hbox (badness 10000) in paragraph at lines 702--702
\TU/TimesNewRoman(0)/m/n/10.95 intervention
 []


Underfull \hbox (badness 10000) in paragraph at lines 703--703
[]|\TU/TimesNewRoman(0)/m/n/10.95 Shows digi-
 []


Underfull \hbox (badness 10000) in paragraph at lines 703--703
\TU/TimesNewRoman(0)/m/n/10.95 tal tools can
 []


Underfull \hbox (badness 10000) in paragraph at lines 703--703
\TU/TimesNewRoman(0)/m/n/10.95 improve finan-
 []


Underfull \hbox (badness 10000) in paragraph at lines 703--703
\TU/TimesNewRoman(0)/m/n/10.95 cial learning
 []


Underfull \hbox (badness 10000) in paragraph at lines 704--705
\TU/TimesNewRoman(0)/m/n/10.95 explainable AI
 []


Underfull \hbox (badness 10000) in paragraph at lines 706--706
[]|\TU/TimesNewRoman(0)/m/n/10.95 Alenazi and
 []


Underfull \hbox (badness 10000) in paragraph at lines 708--708
[]|\TU/TimesNewRoman(0)/m/n/10.95 Budgeting
 []


Underfull \hbox (badness 10000) in paragraph at lines 708--708
\TU/TimesNewRoman(0)/m/n/10.95 Support for
 []


Underfull \hbox (badness 10000) in paragraph at lines 708--708
\TU/TimesNewRoman(0)/m/n/10.95 Everyday Bud-
 []


Underfull \hbox (badness 2368) in paragraph at lines 709--709
[]|\TU/TimesNewRoman(0)/m/n/10.95 Qualitative and
 []


Underfull \hbox (badness 10000) in paragraph at lines 709--709
\TU/TimesNewRoman(0)/m/n/10.95 design-oriented
 []


Underfull \hbox (badness 10000) in paragraph at lines 710--710
[]|\TU/TimesNewRoman(0)/m/n/10.95 Reveals that
 []


Underfull \hbox (badness 10000) in paragraph at lines 710--710
\TU/TimesNewRoman(0)/m/n/10.95 port tracking
 []


Underfull \hbox (badness 7133) in paragraph at lines 710--710
\TU/TimesNewRoman(0)/m/n/10.95 better than ac-
 []


Underfull \hbox (badness 10000) in paragraph at lines 710--710
\TU/TimesNewRoman(0)/m/n/10.95 tual budgeting
 []


Underfull \hbox (badness 10000) in paragraph at lines 711--712
[]|\TU/TimesNewRoman(0)/m/n/10.95 Limited focus
 []


Underfull \hbox (badness 10000) in paragraph at lines 711--712
\TU/TimesNewRoman(0)/m/n/10.95 on AI-based
 []


Underfull \hbox (badness 10000) in paragraph at lines 711--712
\TU/TimesNewRoman(0)/m/n/10.95 recommenda-
 []


Underfull \hbox (badness 2772) in paragraph at lines 711--712
\TU/TimesNewRoman(0)/m/n/10.95 tion and model
 []


Underfull \hbox (badness 10000) in paragraph at lines 713--713
[]|\TU/TimesNewRoman(0)/m/n/10.95 Awadalla \TU/TimesNewRoman(0)/m/it/10.95 et
 []


Underfull \hbox (badness 10000) in paragraph at lines 715--715
[]|\TU/TimesNewRoman(0)/m/n/10.95 A Mobile Ap-
 []


Underfull \hbox (badness 10000) in paragraph at lines 715--715
\TU/TimesNewRoman(0)/m/n/10.95 plication for
 []


Underfull \hbox (badness 10000) in paragraph at lines 715--715
\TU/TimesNewRoman(0)/m/n/10.95 Expenditure
 []


Underfull \hbox (badness 10000) in paragraph at lines 716--716
[]|\TU/TimesNewRoman(0)/m/n/10.95 Mobile appli-
 []


Underfull \hbox (badness 10000) in paragraph at lines 716--716
\TU/TimesNewRoman(0)/m/n/10.95 cation design
 []


Underfull \hbox (badness 10000) in paragraph at lines 717--717
[]|\TU/TimesNewRoman(0)/m/n/10.95 Demonstrates
 []


Underfull \hbox (badness 10000) in paragraph at lines 717--717
\TU/TimesNewRoman(0)/m/n/10.95 relevance of
 []


Underfull \hbox (badness 10000) in paragraph at lines 717--717
\TU/TimesNewRoman(0)/m/n/10.95 app-based ex-
 []


Underfull \hbox (badness 10000) in paragraph at lines 717--717
\TU/TimesNewRoman(0)/m/n/10.95 pense tracking
 []


Underfull \hbox (badness 10000) in paragraph at lines 717--717
\TU/TimesNewRoman(0)/m/n/10.95 for ordinary
 []


Underfull \hbox (badness 6641) in paragraph at lines 718--719
[]|\TU/TimesNewRoman(0)/m/n/10.95 Focuses mainly
 []


Underfull \hbox (badness 10000) in paragraph at lines 718--719
\TU/TimesNewRoman(0)/m/n/10.95 on tracking
 []


Underfull \hbox (badness 1931) in paragraph at lines 718--719
\TU/TimesNewRoman(0)/m/n/10.95 and not on ex-
 []


Underfull \hbox (badness 10000) in paragraph at lines 718--719
\TU/TimesNewRoman(0)/m/n/10.95 plainability or
 []


Underfull \hbox (badness 10000) in paragraph at lines 718--719
\TU/TimesNewRoman(0)/m/n/10.95 privacy-aware
 []


Underfull \hbox (badness 10000) in paragraph at lines 722--722
[]|\TU/TimesNewRoman(0)/m/n/10.95 Artificial In-
 []


Underfull \hbox (badness 10000) in paragraph at lines 722--722
\TU/TimesNewRoman(0)/m/n/10.95 telligence in
 []


Underfull \hbox (badness 10000) in paragraph at lines 722--722
\TU/TimesNewRoman(0)/m/n/10.95 Finance: A
 []


Underfull \hbox (badness 10000) in paragraph at lines 722--722
\TU/TimesNewRoman(0)/m/n/10.95 Comprehensive
 []


Underfull \hbox (badness 10000) in paragraph at lines 723--723
[]|\TU/TimesNewRoman(0)/m/n/10.95 Bibliometric
 []


Underfull \hbox (badness 10000) in paragraph at lines 723--723
\TU/TimesNewRoman(0)/m/n/10.95 and content
 []


Underfull \hbox (badness 2020) in paragraph at lines 724--724
[]|\TU/TimesNewRoman(0)/m/n/10.95 Summarizes the
 []


Underfull \hbox (badness 10000) in paragraph at lines 725--726
[]|\TU/TimesNewRoman(0)/m/n/10.95 Institutional fi-
 []


Underfull \hbox (badness 4739) in paragraph at lines 725--726
\TU/TimesNewRoman(0)/m/n/10.95 nance emphasis
 []


Underfull \hbox (badness 10000) in paragraph at lines 725--726
\TU/TimesNewRoman(0)/m/n/10.95 dominates over
 []


Underfull \hbox (badness 10000) in paragraph at lines 727--727
[]|\TU/TimesNewRoman(0)/m/n/10.95 Cerneviciute
 []


Underfull \hbox (badness 10000) in paragraph at lines 729--729
[]|\TU/TimesNewRoman(0)/m/n/10.95 A Systematic
 []


Underfull \hbox (badness 10000) in paragraph at lines 729--729
\TU/TimesNewRoman(0)/m/n/10.95 Review of
 []


Underfull \hbox (badness 10000) in paragraph at lines 729--729
\TU/TimesNewRoman(0)/m/n/10.95 Explainable
 []


Underfull \hbox (badness 10000) in paragraph at lines 729--729
\TU/TimesNewRoman(0)/m/n/10.95 Artificial In-
 []


Underfull \hbox (badness 10000) in paragraph at lines 729--729
\TU/TimesNewRoman(0)/m/n/10.95 telligence in
 []


Underfull \hbox (badness 10000) in paragraph at lines 730--730
[]|\TU/TimesNewRoman(0)/m/n/10.95 Systematic lit-
 []


Underfull \hbox (badness 10000) in paragraph at lines 731--731
[]|\TU/TimesNewRoman(0)/m/n/10.95 Identifies key
 []


Underfull \hbox (badness 10000) in paragraph at lines 731--731
\TU/TimesNewRoman(0)/m/n/10.95 XAI methods
 []


Underfull \hbox (badness 10000) in paragraph at lines 731--731
\TU/TimesNewRoman(0)/m/n/10.95 applicable to
 []


Underfull \hbox (badness 10000) in paragraph at lines 732--733
[]|\TU/TimesNewRoman(0)/m/n/10.95 Focuses more
 []


Underfull \hbox (badness 5036) in paragraph at lines 732--733
\TU/TimesNewRoman(0)/m/n/10.95 on models and
 []


Underfull \hbox (badness 10000) in paragraph at lines 732--733
\TU/TimesNewRoman(0)/m/n/10.95 computer
 []


Underfull \hbox (badness 10000) in paragraph at lines 736--736
[]|\TU/TimesNewRoman(0)/m/n/10.95 Applications
 []


Underfull \hbox (badness 10000) in paragraph at lines 736--736
\TU/TimesNewRoman(0)/m/n/10.95 of Explainable
 []


Underfull \hbox (badness 10000) in paragraph at lines 736--736
\TU/TimesNewRoman(0)/m/n/10.95 Artificial In-
 []


Underfull \hbox (badness 10000) in paragraph at lines 736--736
\TU/TimesNewRoman(0)/m/n/10.95 telligence in
 []


Underfull \hbox (badness 10000) in paragraph at lines 736--736
\TU/TimesNewRoman(0)/m/n/10.95 Finance: A
 []


Underfull \hbox (badness 10000) in paragraph at lines 737--737
[]|\TU/TimesNewRoman(0)/m/n/10.95 Review-based
 []


Underfull \hbox (badness 10000) in paragraph at lines 739--740
[]|\TU/TimesNewRoman(0)/m/n/10.95 Does not pro-
 []


Underfull \hbox (badness 10000) in paragraph at lines 739--740
\TU/TimesNewRoman(0)/m/n/10.95 vide a unified
 []


Underfull \hbox (badness 2401) in paragraph at lines 743--743
[]|\TU/TimesNewRoman(0)/m/n/10.95 Effects of Rec-
 []


Underfull \hbox (badness 10000) in paragraph at lines 743--743
\TU/TimesNewRoman(0)/m/n/10.95 ommendation
 []


Underfull \hbox (badness 10000) in paragraph at lines 743--743
\TU/TimesNewRoman(0)/m/n/10.95 System Trans-
 []


Underfull \hbox (badness 10000) in paragraph at lines 743--743
\TU/TimesNewRoman(0)/m/n/10.95 parency on
 []


Underfull \hbox (badness 7415) in paragraph at lines 744--744
[]|\TU/TimesNewRoman(0)/m/n/10.95 Empirical trust
 []


Underfull \hbox (badness 10000) in paragraph at lines 745--745
[]|\TU/TimesNewRoman(0)/m/n/10.95 Shows trans-
 []


Underfull \hbox (badness 10000) in paragraph at lines 745--745
\TU/TimesNewRoman(0)/m/n/10.95 parency can
 []


Underfull \hbox (badness 10000) in paragraph at lines 745--745
\TU/TimesNewRoman(0)/m/n/10.95 increase per-
 []


Underfull \hbox (badness 10000) in paragraph at lines 746--747
[]|\TU/TimesNewRoman(0)/m/n/10.95 Study is not
 []


Underfull \hbox (badness 10000) in paragraph at lines 746--747
\TU/TimesNewRoman(0)/m/n/10.95 specific to fi-
 []


Underfull \hbox (badness 1735) in paragraph at lines 746--747
\TU/TimesNewRoman(0)/m/n/10.95 nance and does
 []


Underfull \hbox (badness 10000) in paragraph at lines 746--747
\TU/TimesNewRoman(0)/m/n/10.95 not include
 []


Underfull \hbox (badness 10000) in paragraph at lines 746--747
\TU/TimesNewRoman(0)/m/n/10.95 privacy-aware
 []


Underfull \hbox (badness 10000) in paragraph at lines 750--750
[]|\TU/TimesNewRoman(0)/m/n/10.95 Usable Privacy
 []


Underfull \hbox (badness 10000) in paragraph at lines 750--750
\TU/TimesNewRoman(0)/m/n/10.95 and Security
 []


Underfull \hbox (badness 10000) in paragraph at lines 750--750
\TU/TimesNewRoman(0)/m/n/10.95 for Mobile
 []


Underfull \hbox (badness 10000) in paragraph at lines 751--751
[]|\TU/TimesNewRoman(0)/m/n/10.95 Survey and
 []


Underfull \hbox (badness 10000) in paragraph at lines 751--751
\TU/TimesNewRoman(0)/m/n/10.95 design-oriented
 []


Underfull \hbox (badness 2012) in paragraph at lines 752--752
[]|\TU/TimesNewRoman(0)/m/n/10.95 Provides princi-
 []


Underfull \hbox (badness 10000) in paragraph at lines 753--754
[]|\TU/TimesNewRoman(0)/m/n/10.95 Not specialized
 []


Underfull \hbox (badness 10000) in paragraph at lines 753--754
\TU/TimesNewRoman(0)/m/n/10.95 for AI-assisted
 []


Underfull \hbox (badness 6758) in paragraph at lines 753--754
\TU/TimesNewRoman(0)/m/n/10.95 fintech applica-
 []


Underfull \hbox (badness 10000) in paragraph at lines 757--757
[]|\TU/TimesNewRoman(0)/m/n/10.95 Privacy Preser-
 []


Underfull \hbox (badness 10000) in paragraph at lines 757--757
\TU/TimesNewRoman(0)/m/n/10.95 ated Learning:
 []


Underfull \hbox (badness 10000) in paragraph at lines 758--758
[]|\TU/TimesNewRoman(0)/m/n/10.95 Survey on
 []


Underfull \hbox (badness 10000) in paragraph at lines 759--759
[]|\TU/TimesNewRoman(0)/m/n/10.95 Useful foun-
 []


Underfull \hbox (badness 10000) in paragraph at lines 759--759
\TU/TimesNewRoman(0)/m/n/10.95 dation for
 []


Underfull \hbox (badness 10000) in paragraph at lines 759--759
\TU/TimesNewRoman(0)/m/n/10.95 future privacy-
 []


Underfull \hbox (badness 10000) in paragraph at lines 759--759
\TU/TimesNewRoman(0)/m/n/10.95 preserving
 []


Underfull \hbox (badness 10000) in paragraph at lines 760--761
\TU/TimesNewRoman(0)/m/n/10.95 on distributed
 []


Underfull \hbox (badness 10000) in paragraph at lines 760--761
\TU/TimesNewRoman(0)/m/n/10.95 learning rather
 []


Underfull \hbox (badness 10000) in paragraph at lines 764--764
[]|\TU/TimesNewRoman(0)/m/n/10.95 Research on
 []


Underfull \hbox (badness 10000) in paragraph at lines 764--764
\TU/TimesNewRoman(0)/m/n/10.95 Financial Rec-
 []


Underfull \hbox (badness 10000) in paragraph at lines 764--764
\TU/TimesNewRoman(0)/m/n/10.95 ommendation
 []


Underfull \hbox (badness 10000) in paragraph at lines 764--764
\TU/TimesNewRoman(0)/m/n/10.95 Algorithm
 []


Underfull \hbox (badness 10000) in paragraph at lines 764--764
\TU/TimesNewRoman(0)/m/n/10.95 K-Means and
 []


Underfull \hbox (badness 10000) in paragraph at lines 764--764
\TU/TimesNewRoman(0)/m/n/10.95 Collaborative
 []


Overfull \hbox (9.75267pt too wide) in paragraph at lines 765--765
[]|\TU/TimesNewRoman(0)/m/n/10.95 Recommendation-
 []


Underfull \hbox (badness 10000) in paragraph at lines 765--765
\TU/TimesNewRoman(0)/m/n/10.95 system model-
 []


Underfull \hbox (badness 10000) in paragraph at lines 766--766
[]|\TU/TimesNewRoman(0)/m/n/10.95 Shows im-
 []


Underfull \hbox (badness 10000) in paragraph at lines 766--766
\TU/TimesNewRoman(0)/m/n/10.95 portance of
 []


Underfull \hbox (badness 10000) in paragraph at lines 766--766
\TU/TimesNewRoman(0)/m/n/10.95 personaliza-
 []


Underfull \hbox (badness 6016) in paragraph at lines 766--766
\TU/TimesNewRoman(0)/m/n/10.95 tion in finance
 []


Underfull \hbox (badness 10000) in paragraph at lines 767--768
[]|\TU/TimesNewRoman(0)/m/n/10.95 Limited em-
 []


Underfull \hbox (badness 10000) in paragraph at lines 767--768
\TU/TimesNewRoman(0)/m/n/10.95 phasis on
 []


Underfull \hbox (badness 10000) in paragraph at lines 767--768
\TU/TimesNewRoman(0)/m/n/10.95 interpretability
 []


Underfull \hbox (badness 6675) in paragraph at lines 767--768
\TU/TimesNewRoman(0)/m/n/10.95 and responsible
 []


Underfull \hbox (badness 10000) in alignment at lines 684--769
[] [] [] [] [] []
 []

[10] [11] [12] [13]
Chapter 4.
[14

]
Overfull \hbox (13.12158pt too wide) in paragraph at lines 894--898
\TU/TimesNewRoman(0)/m/n/12 The recommendation engine will analyze recent spend
ing behavior, budget pressure, goal progress,
 []

[15] [16] [17] [18]
Chapter 5.
[19

] [20] [21] [22]
Underfull \hbox (badness 10000) in paragraph at lines 1248--1255
[]|\TU/TimesNewRoman(0)/m/n/12 goal_id, user_id, goal_name, target_amount, cur-

 []


Underfull \hbox (badness 3312) in paragraph at lines 1261--1265
[]|\TU/TimesNewRoman(0)/m/n/12 explanation_id, recommendation_id, trigger_featu
res,
 []

[23] [24] [25]
Chapter 6.
[26

] [27] [28]
Package hyperref Info: bookmark level for unknown algorithm defaults to 0 on in
put line 1547.
 [29] [30] [31]
Chapter 7.
[32

]
Overfull \hbox (4.4837pt too wide) in paragraph at lines 1644--1649
\TU/TimesNewRoman(0)/m/n/12 This phase will identify user needs, academic objec
tives, functional requirements, non-functional
 []

[33]
Underfull \hbox (badness 1571) in paragraph at lines 1721--1724
[]|\TU/TimesNewRoman(0)/m/n/12 Recommendation engine, score model,
 []

[34]
Chapter 8.
[35

]
Underfull \hbox (badness 4940) in paragraph at lines 1828--1828
[]|\TU/TimesNewRoman(0)/m/n/12 Transaction classification
 []


Underfull \hbox (badness 3849) in paragraph at lines 1829--1829
[]|\TU/TimesNewRoman(0)/m/n/12 Budget-risk classification
 []


Underfull \hbox (badness 4454) in paragraph at lines 1829--1830
[]|\TU/TimesNewRoman(0)/m/n/12 Measure quality of budget
 []


Underfull \hbox (badness 10000) in paragraph at lines 1830--1830
[]|\TU/TimesNewRoman(0)/m/n/12 Recommendation rele-
 []


Underfull \hbox (badness 1163) in paragraph at lines 1830--1831
[]|\TU/TimesNewRoman(0)/m/n/12 Assess usefulness of gener-
 []


Underfull \hbox (badness 2088) in paragraph at lines 1831--1831
[]|\TU/TimesNewRoman(0)/m/n/12 Prediction error (MAE /
 []


Underfull \hbox (badness 8094) in paragraph at lines 1831--1832
[]|\TU/TimesNewRoman(0)/m/n/12 Evaluate spending forecast
 []


Underfull \hbox (badness 10000) in paragraph at lines 1832--1833
[]|\TU/TimesNewRoman(0)/m/n/12 Measure interface respon-
 []


Underfull \hbox (badness 2591) in paragraph at lines 1835--1836
[]|\TU/TimesNewRoman(0)/m/n/12 Measure confidence in AI-
 []


Underfull \hbox (badness 2213) in paragraph at lines 1836--1837
[]|\TU/TimesNewRoman(0)/m/n/12 Measure comfort with data
 []

[36] [37] [38]
Chapter 9.
[39

]
Underfull \hbox (badness 10000) in paragraph at lines 1907--1908
[]|\TU/TimesNewRoman(0)/b/n/12 Observed Outcome
 []


Underfull \hbox (badness 10000) in paragraph at lines 1910--1910
[]|\TU/TimesNewRoman(0)/m/n/12 Recommendation response
 []


Underfull \hbox (badness 10000) in paragraph at lines 1910--1910
[]|\TU/TimesNewRoman(0)/m/n/12 Fast interactive re-
 []


Underfull \hbox (badness 10000) in paragraph at lines 1923--1924
[]|\TU/TimesNewRoman(0)/b/n/12 Observed Outcome
 []


Underfull \hbox (badness 10000) in paragraph at lines 1927--1927
[]|\TU/TimesNewRoman(0)/m/n/12 Positive improvement
 []

[40] [41]
Chapter 10.
[42

] [43] [44] [45

]
Underfull \hbox (badness 1147) in paragraph at lines 2071--2078
[]\TU/TimesNewRoman(0)/m/n/12 OECD, “PISA 2022 Results: Financial Literacy,” Or
ganisation for Economic Co-
 []

[46

]
Underfull \hbox (badness 2229) in paragraph at lines 2184--2191
[]\TU/TimesNewRoman(0)/m/n/12 Meta, “React Native documentation,” Meta Platform
s, 2025. [Online]. Available:
 []

[47] (Proposed_AI_Finance_Project_Report.aux)
 ***********
LaTeX2e <2023-11-01> patch level 1
L3 programming layer <2024-01-04>
 ***********
Package rerunfilecheck Info: File `Proposed_AI_Finance_Project_Report.out' has 
not changed.
(rerunfilecheck)             Checksum: 246E449DC86C912E4E1C0694D92ACA68;21368.
 ) 
Here is how much of TeX's memory you used:
 16636 strings out of 409617
 310590 string characters out of 5773202
 1949191 words of memory out of 5000000
 38502 multiletter control sequences out of 15000+600000
 563394 words of font info for 95 fonts, out of 8000000 for 9000
 1348 hyphenation exceptions out of 8191
 79i,12n,93p,401b,497s stack positions out of 10000i,1000n,20000p,200000b,200000s

Output written on Proposed_AI_Finance_Project_Report.pdf (58 pages).
