\BOOKMARK [0][-]{chapter*.1}{\376\377\000A\000b\000s\000t\000r\000a\000c\000t}{}% 1
\BOOKMARK [0][-]{chapter*.2}{\376\377\000A\000b\000b\000r\000e\000v\000i\000a\000t\000i\000o\000n\000s}{}% 2
\BOOKMARK [0][-]{chapter.1}{\376\377\000I\000n\000t\000r\000o\000d\000u\000c\000t\000i\000o\000n}{}% 3
\BOOKMARK [1][-]{section.1.1}{\376\377\000B\000a\000c\000k\000g\000r\000o\000u\000n\000d\000\040\000o\000f\000\040\000t\000h\000e\000\040\000S\000t\000u\000d\000y}{chapter.1}% 4
\BOOKMARK [1][-]{section.1.2}{\376\377\000N\000e\000e\000d\000\040\000f\000o\000r\000\040\000A\000I\000\040\000i\000n\000\040\000P\000e\000r\000s\000o\000n\000a\000l\000\040\000F\000i\000n\000a\000n\000c\000e\000\040\000S\000u\000p\000p\000o\000r\000t}{chapter.1}% 5
\BOOKMARK [1][-]{section.1.3}{\376\377\000L\000i\000m\000i\000t\000a\000t\000i\000o\000n\000s\000\040\000o\000f\000\040\000C\000o\000n\000v\000e\000n\000t\000i\000o\000n\000a\000l\000\040\000E\000x\000p\000e\000n\000s\000e\000\040\000T\000r\000a\000c\000k\000e\000r\000s}{chapter.1}% 6
\BOOKMARK [1][-]{section.1.4}{\376\377\000E\000x\000p\000l\000a\000i\000n\000a\000b\000i\000l\000i\000t\000y\000\040\000a\000n\000d\000\040\000P\000r\000i\000v\000a\000c\000y\000\040\000a\000s\000\040\000C\000o\000r\000e\000\040\000R\000e\000q\000u\000i\000r\000e\000m\000e\000n\000t\000s}{chapter.1}% 7
\BOOKMARK [1][-]{section.1.5}{\376\377\000R\000e\000s\000e\000a\000r\000c\000h\000\040\000D\000i\000r\000e\000c\000t\000i\000o\000n\000\040\000o\000f\000\040\000t\000h\000e\000\040\000P\000r\000o\000p\000o\000s\000e\000d\000\040\000W\000o\000r\000k}{chapter.1}% 8
\BOOKMARK [1][-]{section.1.6}{\376\377\000O\000b\000j\000e\000c\000t\000i\000v\000e\000s\000\040\000o\000f\000\040\000t\000h\000e\000\040\000P\000r\000o\000p\000o\000s\000e\000d\000\040\000P\000r\000o\000j\000e\000c\000t}{chapter.1}% 9
\BOOKMARK [1][-]{section.1.7}{\376\377\000E\000x\000p\000e\000c\000t\000e\000d\000\040\000C\000o\000n\000t\000r\000i\000b\000u\000t\000i\000o\000n\000s}{chapter.1}% 10
\BOOKMARK [0][-]{chapter.2}{\376\377\000P\000r\000o\000b\000l\000e\000m\000\040\000S\000t\000a\000t\000e\000m\000e\000n\000t\000\040\000a\000n\000d\000\040\000M\000o\000t\000i\000v\000a\000t\000i\000o\000n}{}% 11
\BOOKMARK [1][-]{section.2.1}{\376\377\000P\000r\000o\000b\000l\000e\000m\000\040\000S\000t\000a\000t\000e\000m\000e\000n\000t}{chapter.2}% 12
\BOOKMARK [1][-]{section.2.2}{\376\377\000M\000a\000n\000u\000a\000l\000\040\000T\000r\000a\000c\000k\000i\000n\000g\000\040\000a\000n\000d\000\040\000C\000o\000g\000n\000i\000t\000i\000v\000e\000\040\000B\000u\000r\000d\000e\000n}{chapter.2}% 13
\BOOKMARK [1][-]{section.2.3}{\376\377\000L\000a\000c\000k\000\040\000o\000f\000\040\000I\000n\000t\000e\000l\000l\000i\000g\000e\000n\000t\000\040\000G\000u\000i\000d\000a\000n\000c\000e}{chapter.2}% 14
\BOOKMARK [1][-]{section.2.4}{\376\377\000L\000o\000w\000\040\000F\000i\000n\000a\000n\000c\000i\000a\000l\000\040\000L\000i\000t\000e\000r\000a\000c\000y\000\040\000a\000n\000d\000\040\000D\000e\000c\000i\000s\000i\000o\000n\000\040\000D\000i\000f\000f\000i\000c\000u\000l\000t\000y}{chapter.2}% 15
\BOOKMARK [1][-]{section.2.5}{\376\377\000T\000r\000u\000s\000t\000\040\000D\000e\000f\000i\000c\000i\000t\000\040\000i\000n\000\040\000B\000l\000a\000c\000k\000-\000B\000o\000x\000\040\000A\000I}{chapter.2}% 16
\BOOKMARK [1][-]{section.2.6}{\376\377\000P\000r\000i\000v\000a\000c\000y\000\040\000C\000o\000n\000c\000e\000r\000n\000s\000\040\000i\000n\000\040\000I\000n\000t\000e\000l\000l\000i\000g\000e\000n\000t\000\040\000F\000i\000n\000a\000n\000c\000e\000\040\000A\000p\000p\000l\000i\000c\000a\000t\000i\000o\000n\000s}{chapter.2}% 17
\BOOKMARK [1][-]{section.2.7}{\376\377\000M\000o\000t\000i\000v\000a\000t\000i\000o\000n\000\040\000f\000o\000r\000\040\000t\000h\000e\000\040\000P\000r\000o\000p\000o\000s\000e\000d\000\040\000S\000y\000s\000t\000e\000m}{chapter.2}% 18
\BOOKMARK [0][-]{chapter.3}{\376\377\000L\000i\000t\000e\000r\000a\000t\000u\000r\000e\000\040\000R\000e\000v\000i\000e\000w}{}% 19
\BOOKMARK [1][-]{section.3.1}{\376\377\000O\000v\000e\000r\000v\000i\000e\000w\000\040\000o\000f\000\040\000R\000e\000l\000e\000v\000a\000n\000t\000\040\000R\000e\000s\000e\000a\000r\000c\000h}{chapter.3}% 20
\BOOKMARK [1][-]{section.3.2}{\376\377\000A\000I\000\040\000i\000n\000\040\000P\000e\000r\000s\000o\000n\000a\000l\000\040\000F\000i\000n\000a\000n\000c\000e\000\040\000M\000a\000n\000a\000g\000e\000m\000e\000n\000t}{chapter.3}% 21
\BOOKMARK [1][-]{section.3.3}{\376\377\000E\000x\000p\000e\000n\000s\000e\000\040\000T\000r\000a\000c\000k\000i\000n\000g\000\040\000a\000n\000d\000\040\000B\000u\000d\000g\000e\000t\000i\000n\000g\000\040\000S\000y\000s\000t\000e\000m\000s}{chapter.3}% 22
\BOOKMARK [1][-]{section.3.4}{\376\377\000E\000x\000p\000l\000a\000i\000n\000a\000b\000l\000e\000\040\000A\000I\000\040\000i\000n\000\040\000F\000i\000n\000a\000n\000c\000e}{chapter.3}% 23
\BOOKMARK [1][-]{section.3.5}{\376\377\000P\000r\000i\000v\000a\000c\000y\000-\000P\000r\000e\000s\000e\000r\000v\000i\000n\000g\000\040\000I\000n\000t\000e\000l\000l\000i\000g\000e\000n\000t\000\040\000A\000p\000p\000l\000i\000c\000a\000t\000i\000o\000n\000s}{chapter.3}% 24
\BOOKMARK [1][-]{section.3.6}{\376\377\000P\000e\000r\000s\000o\000n\000a\000l\000i\000z\000e\000d\000\040\000R\000e\000c\000o\000m\000m\000e\000n\000d\000a\000t\000i\000o\000n\000\040\000a\000n\000d\000\040\000T\000r\000u\000s\000t}{chapter.3}% 25
\BOOKMARK [1][-]{section.3.7}{\376\377\000C\000o\000m\000p\000a\000r\000a\000t\000i\000v\000e\000\040\000R\000e\000v\000i\000e\000w\000\040\000o\000f\000\040\000S\000e\000l\000e\000c\000t\000e\000d\000\040\000S\000t\000u\000d\000i\000e\000s}{chapter.3}% 26
\BOOKMARK [1][-]{section.3.8}{\376\377\000R\000e\000s\000e\000a\000r\000c\000h\000\040\000G\000a\000p}{chapter.3}% 27
\BOOKMARK [0][-]{chapter.4}{\376\377\000P\000r\000o\000p\000o\000s\000e\000d\000\040\000S\000y\000s\000t\000e\000m\000\040\000a\000n\000d\000\040\000M\000e\000t\000h\000o\000d\000o\000l\000o\000g\000y}{}% 28
\BOOKMARK [1][-]{section.4.1}{\376\377\000O\000v\000e\000r\000v\000i\000e\000w\000\040\000o\000f\000\040\000t\000h\000e\000\040\000P\000r\000o\000p\000o\000s\000e\000d\000\040\000S\000y\000s\000t\000e\000m}{chapter.4}% 29
\BOOKMARK [1][-]{section.4.2}{\376\377\000M\000a\000j\000o\000r\000\040\000M\000o\000d\000u\000l\000e\000s\000\040\000o\000f\000\040\000t\000h\000e\000\040\000P\000r\000o\000p\000o\000s\000e\000d\000\040\000S\000y\000s\000t\000e\000m}{chapter.4}% 30
\BOOKMARK [2][-]{subsection.4.2.1}{\376\377\000U\000s\000e\000r\000\040\000A\000u\000t\000h\000e\000n\000t\000i\000c\000a\000t\000i\000o\000n\000\040\000a\000n\000d\000\040\000P\000r\000o\000f\000i\000l\000e\000\040\000M\000o\000d\000u\000l\000e}{section.4.2}% 31
\BOOKMARK [2][-]{subsection.4.2.2}{\376\377\000T\000r\000a\000n\000s\000a\000c\000t\000i\000o\000n\000\040\000E\000n\000t\000r\000y\000\040\000a\000n\000d\000\040\000C\000a\000t\000e\000g\000o\000r\000i\000z\000a\000t\000i\000o\000n\000\040\000M\000o\000d\000u\000l\000e}{section.4.2}% 32
\BOOKMARK [2][-]{subsection.4.2.3}{\376\377\000B\000u\000d\000g\000e\000t\000\040\000A\000l\000l\000o\000c\000a\000t\000i\000o\000n\000\040\000M\000o\000d\000u\000l\000e}{section.4.2}% 33
\BOOKMARK [2][-]{subsection.4.2.4}{\376\377\000S\000a\000v\000i\000n\000g\000s\000\040\000G\000o\000a\000l\000\040\000M\000a\000n\000a\000g\000e\000m\000e\000n\000t\000\040\000M\000o\000d\000u\000l\000e}{section.4.2}% 34
\BOOKMARK [2][-]{subsection.4.2.5}{\376\377\000F\000i\000n\000a\000n\000c\000i\000a\000l\000\040\000H\000e\000a\000l\000t\000h\000\040\000S\000c\000o\000r\000e\000\040\000M\000o\000d\000u\000l\000e}{section.4.2}% 35
\BOOKMARK [2][-]{subsection.4.2.6}{\376\377\000A\000I\000-\000B\000a\000s\000e\000d\000\040\000R\000e\000c\000o\000m\000m\000e\000n\000d\000a\000t\000i\000o\000n\000\040\000M\000o\000d\000u\000l\000e}{section.4.2}% 36
\BOOKMARK [2][-]{subsection.4.2.7}{\376\377\000E\000x\000p\000l\000a\000i\000n\000a\000b\000i\000l\000i\000t\000y\000\040\000M\000o\000d\000u\000l\000e}{section.4.2}% 37
\BOOKMARK [2][-]{subsection.4.2.8}{\376\377\000A\000l\000e\000r\000t\000\040\000a\000n\000d\000\040\000R\000e\000m\000i\000n\000d\000e\000r\000\040\000E\000n\000g\000i\000n\000e}{section.4.2}% 38
\BOOKMARK [2][-]{subsection.4.2.9}{\376\377\000A\000n\000a\000l\000y\000t\000i\000c\000s\000\040\000D\000a\000s\000h\000b\000o\000a\000r\000d\000\040\000M\000o\000d\000u\000l\000e}{section.4.2}% 39
\BOOKMARK [2][-]{subsection.4.2.10}{\376\377\000S\000e\000c\000u\000r\000e\000\040\000D\000a\000t\000a\000\040\000H\000a\000n\000d\000l\000i\000n\000g\000\040\000a\000n\000d\000\040\000P\000r\000i\000v\000a\000c\000y\000\040\000L\000a\000y\000e\000r}{section.4.2}% 40
\BOOKMARK [1][-]{section.4.3}{\376\377\000O\000v\000e\000r\000a\000l\000l\000\040\000M\000e\000t\000h\000o\000d\000o\000l\000o\000g\000y}{chapter.4}% 41
\BOOKMARK [1][-]{section.4.4}{\376\377\000P\000r\000o\000p\000o\000s\000e\000d\000\040\000W\000o\000r\000k\000f\000l\000o\000w}{chapter.4}% 42
\BOOKMARK [1][-]{section.4.5}{\376\377\000D\000a\000t\000a\000\040\000F\000l\000o\000w\000\040\000E\000x\000p\000l\000a\000n\000a\000t\000i\000o\000n}{chapter.4}% 43
\BOOKMARK [1][-]{section.4.6}{\376\377\000E\000x\000p\000e\000c\000t\000e\000d\000\040\000R\000e\000s\000e\000a\000r\000c\000h\000\040\000V\000a\000l\000u\000e\000\040\000o\000f\000\040\000t\000h\000e\000\040\000M\000e\000t\000h\000o\000d\000o\000l\000o\000g\000y}{chapter.4}% 44
\BOOKMARK [0][-]{chapter.5}{\376\377\000S\000y\000s\000t\000e\000m\000\040\000D\000e\000s\000i\000g\000n}{}% 45
\BOOKMARK [1][-]{section.5.1}{\376\377\000O\000v\000e\000r\000a\000l\000l\000\040\000A\000r\000c\000h\000i\000t\000e\000c\000t\000u\000r\000e}{chapter.5}% 46
\BOOKMARK [1][-]{section.5.2}{\376\377\000M\000o\000d\000u\000l\000e\000\040\000D\000e\000c\000o\000m\000p\000o\000s\000i\000t\000i\000o\000n}{chapter.5}% 47
\BOOKMARK [1][-]{section.5.3}{\376\377\000U\000s\000e\000\040\000C\000a\000s\000e\000\040\000D\000i\000a\000g\000r\000a\000m\000\040\000D\000e\000s\000c\000r\000i\000p\000t\000i\000o\000n}{chapter.5}% 48
\BOOKMARK [1][-]{section.5.4}{\376\377\000A\000c\000t\000i\000v\000i\000t\000y\000\040\000F\000l\000o\000w\000\040\000D\000e\000s\000c\000r\000i\000p\000t\000i\000o\000n}{chapter.5}% 49
\BOOKMARK [1][-]{section.5.5}{\376\377\000E\000R\000\040\000D\000i\000a\000g\000r\000a\000m\000\040\000D\000e\000s\000c\000r\000i\000p\000t\000i\000o\000n}{chapter.5}% 50
\BOOKMARK [1][-]{section.5.6}{\376\377\000D\000a\000t\000a\000b\000a\000s\000e\000\040\000D\000e\000s\000i\000g\000n}{chapter.5}% 51
\BOOKMARK [1][-]{section.5.7}{\376\377\000U\000I\000\040\000D\000e\000s\000i\000g\000n\000\040\000C\000o\000n\000s\000i\000d\000e\000r\000a\000t\000i\000o\000n\000s}{chapter.5}% 52
\BOOKMARK [0][-]{chapter.6}{\376\377\000P\000r\000o\000p\000o\000s\000e\000d\000\040\000A\000l\000g\000o\000r\000i\000t\000h\000m\000s\000\040\000/\000\040\000A\000I\000\040\000M\000o\000d\000e\000l\000\040\000L\000o\000g\000i\000c}{}% 53
\BOOKMARK [1][-]{section.6.1}{\376\377\000O\000v\000e\000r\000v\000i\000e\000w\000\040\000o\000f\000\040\000t\000h\000e\000\040\000A\000n\000a\000l\000y\000t\000i\000c\000a\000l\000\040\000I\000n\000t\000e\000l\000l\000i\000g\000e\000n\000c\000e\000\040\000L\000a\000y\000e\000r}{chapter.6}% 54
\BOOKMARK [1][-]{section.6.2}{\376\377\000S\000p\000e\000n\000d\000i\000n\000g\000\040\000P\000a\000t\000t\000e\000r\000n\000\040\000A\000n\000a\000l\000y\000s\000i\000s}{chapter.6}% 55
\BOOKMARK [1][-]{section.6.3}{\376\377\000B\000u\000d\000g\000e\000t\000\040\000R\000i\000s\000k\000\040\000E\000s\000t\000i\000m\000a\000t\000i\000o\000n}{chapter.6}% 56
\BOOKMARK [1][-]{section.6.4}{\376\377\000A\000n\000o\000m\000a\000l\000y\000\040\000D\000e\000t\000e\000c\000t\000i\000o\000n\000\040\000f\000o\000r\000\040\000O\000v\000e\000r\000s\000p\000e\000n\000d\000i\000n\000g}{chapter.6}% 57
\BOOKMARK [1][-]{section.6.5}{\376\377\000S\000a\000v\000i\000n\000g\000s\000\040\000R\000e\000c\000o\000m\000m\000e\000n\000d\000a\000t\000i\000o\000n\000\040\000L\000o\000g\000i\000c}{chapter.6}% 58
\BOOKMARK [1][-]{section.6.6}{\376\377\000F\000i\000n\000a\000n\000c\000i\000a\000l\000\040\000H\000e\000a\000l\000t\000h\000\040\000S\000c\000o\000r\000e}{chapter.6}% 59
\BOOKMARK [1][-]{section.6.7}{\376\377\000E\000x\000p\000l\000a\000i\000n\000a\000b\000l\000e\000\040\000R\000e\000c\000o\000m\000m\000e\000n\000d\000a\000t\000i\000o\000n\000\040\000G\000e\000n\000e\000r\000a\000t\000i\000o\000n}{chapter.6}% 60
\BOOKMARK [1][-]{section.6.8}{\376\377\000P\000r\000o\000p\000o\000s\000e\000d\000\040\000P\000s\000e\000u\000d\000o\000c\000o\000d\000e}{chapter.6}% 61
\BOOKMARK [1][-]{section.6.9}{\376\377\000W\000h\000y\000\040\000t\000h\000e\000\040\000P\000r\000o\000p\000o\000s\000e\000d\000\040\000L\000o\000g\000i\000c\000\040\000i\000s\000\040\000A\000c\000a\000d\000e\000m\000i\000c\000a\000l\000l\000y\000\040\000S\000u\000i\000t\000a\000b\000l\000e}{chapter.6}% 62
\BOOKMARK [0][-]{chapter.7}{\376\377\000I\000m\000p\000l\000e\000m\000e\000n\000t\000a\000t\000i\000o\000n\000\040\000P\000l\000a\000n}{}% 63
\BOOKMARK [1][-]{section.7.1}{\376\377\000P\000r\000o\000p\000o\000s\000e\000d\000\040\000S\000o\000f\000t\000w\000a\000r\000e\000\040\000S\000t\000a\000c\000k}{chapter.7}% 64
\BOOKMARK [1][-]{section.7.2}{\376\377\000I\000m\000p\000l\000e\000m\000e\000n\000t\000a\000t\000i\000o\000n\000\040\000P\000h\000i\000l\000o\000s\000o\000p\000h\000y}{chapter.7}% 65
\BOOKMARK [1][-]{section.7.3}{\376\377\000P\000h\000a\000s\000e\000-\000W\000i\000s\000e\000\040\000D\000e\000v\000e\000l\000o\000p\000m\000e\000n\000t\000\040\000P\000l\000a\000n}{chapter.7}% 66
\BOOKMARK [2][-]{subsection.7.3.1}{\376\377\000P\000h\000a\000s\000e\000\040\0001\000:\000\040\000R\000e\000q\000u\000i\000r\000e\000m\000e\000n\000t\000\040\000A\000n\000a\000l\000y\000s\000i\000s}{section.7.3}% 67
\BOOKMARK [2][-]{subsection.7.3.2}{\376\377\000P\000h\000a\000s\000e\000\040\0002\000:\000\040\000U\000I\000/\000U\000X\000\040\000a\000n\000d\000\040\000D\000a\000t\000a\000b\000a\000s\000e\000\040\000D\000e\000s\000i\000g\000n}{section.7.3}% 68
\BOOKMARK [2][-]{subsection.7.3.3}{\376\377\000P\000h\000a\000s\000e\000\040\0003\000:\000\040\000C\000o\000r\000e\000\040\000F\000i\000n\000a\000n\000c\000e\000\040\000M\000o\000d\000u\000l\000e\000s}{section.7.3}% 69
\BOOKMARK [2][-]{subsection.7.3.4}{\376\377\000P\000h\000a\000s\000e\000\040\0004\000:\000\040\000A\000I\000\040\000a\000n\000d\000\040\000E\000x\000p\000l\000a\000i\000n\000a\000b\000i\000l\000i\000t\000y\000\040\000I\000n\000t\000e\000g\000r\000a\000t\000i\000o\000n}{section.7.3}% 70
\BOOKMARK [2][-]{subsection.7.3.5}{\376\377\000P\000h\000a\000s\000e\000\040\0005\000:\000\040\000T\000e\000s\000t\000i\000n\000g\000\040\000a\000n\000d\000\040\000V\000a\000l\000i\000d\000a\000t\000i\000o\000n}{section.7.3}% 71
\BOOKMARK [2][-]{subsection.7.3.6}{\376\377\000P\000h\000a\000s\000e\000\040\0006\000:\000\040\000D\000e\000p\000l\000o\000y\000m\000e\000n\000t}{section.7.3}% 72
\BOOKMARK [1][-]{section.7.4}{\376\377\000F\000e\000a\000s\000i\000b\000i\000l\000i\000t\000y\000\040\000P\000e\000r\000s\000p\000e\000c\000t\000i\000v\000e}{chapter.7}% 73
\BOOKMARK [0][-]{chapter.8}{\376\377\000T\000e\000s\000t\000i\000n\000g\000\040\000a\000n\000d\000\040\000E\000v\000a\000l\000u\000a\000t\000i\000o\000n\000\040\000P\000l\000a\000n}{}% 74
\BOOKMARK [1][-]{section.8.1}{\376\377\000P\000u\000r\000p\000o\000s\000e\000\040\000o\000f\000\040\000E\000v\000a\000l\000u\000a\000t\000i\000o\000n}{chapter.8}% 75
\BOOKMARK [1][-]{section.8.2}{\376\377\000F\000u\000n\000c\000t\000i\000o\000n\000a\000l\000\040\000T\000e\000s\000t\000i\000n\000g}{chapter.8}% 76
\BOOKMARK [1][-]{section.8.3}{\376\377\000P\000e\000r\000f\000o\000r\000m\000a\000n\000c\000e\000\040\000T\000e\000s\000t\000i\000n\000g}{chapter.8}% 77
\BOOKMARK [1][-]{section.8.4}{\376\377\000A\000I\000\040\000a\000n\000d\000\040\000A\000n\000a\000l\000y\000t\000i\000c\000s\000\040\000E\000v\000a\000l\000u\000a\000t\000i\000o\000n}{chapter.8}% 78
\BOOKMARK [1][-]{section.8.5}{\376\377\000I\000n\000t\000e\000r\000p\000r\000e\000t\000a\000b\000i\000l\000i\000t\000y\000\040\000a\000n\000d\000\040\000T\000r\000u\000s\000t\000\040\000E\000v\000a\000l\000u\000a\000t\000i\000o\000n}{chapter.8}% 79
\BOOKMARK [1][-]{section.8.6}{\376\377\000P\000r\000i\000v\000a\000c\000y\000\040\000a\000n\000d\000\040\000S\000e\000c\000u\000r\000i\000t\000y\000\040\000C\000h\000e\000c\000k\000s}{chapter.8}% 80
\BOOKMARK [1][-]{section.8.7}{\376\377\000P\000r\000o\000p\000o\000s\000e\000d\000\040\000M\000e\000t\000r\000i\000c\000s}{chapter.8}% 81
\BOOKMARK [1][-]{section.8.8}{\376\377\000P\000i\000l\000o\000t\000\040\000U\000s\000e\000r\000\040\000S\000t\000u\000d\000y\000\040\000P\000l\000a\000n}{chapter.8}% 82
\BOOKMARK [1][-]{section.8.9}{\376\377\000E\000x\000p\000e\000c\000t\000e\000d\000\040\000V\000a\000l\000i\000d\000i\000t\000y\000\040\000C\000o\000n\000s\000i\000d\000e\000r\000a\000t\000i\000o\000n\000s}{chapter.8}% 83
\BOOKMARK [0][-]{chapter.9}{\376\377\000E\000x\000p\000e\000c\000t\000e\000d\000\040\000R\000e\000s\000u\000l\000t\000s\000\040\000a\000n\000d\000\040\000D\000i\000s\000c\000u\000s\000s\000i\000o\000n}{}% 84
\BOOKMARK [1][-]{section.9.1}{\376\377\000N\000a\000t\000u\000r\000e\000\040\000o\000f\000\040\000E\000x\000p\000e\000c\000t\000e\000d\000\040\000R\000e\000s\000u\000l\000t\000s}{chapter.9}% 85
\BOOKMARK [1][-]{section.9.2}{\376\377\000E\000x\000p\000e\000c\000t\000e\000d\000\040\000U\000s\000e\000r\000-\000L\000e\000v\000e\000l\000\040\000O\000u\000t\000c\000o\000m\000e\000s}{chapter.9}% 86
\BOOKMARK [1][-]{section.9.3}{\376\377\000E\000x\000p\000e\000c\000t\000e\000d\000\040\000T\000e\000c\000h\000n\000i\000c\000a\000l\000\040\000O\000u\000t\000c\000o\000m\000e\000s}{chapter.9}% 87
\BOOKMARK [1][-]{section.9.4}{\376\377\000E\000x\000p\000e\000c\000t\000e\000d\000\040\000D\000i\000s\000c\000u\000s\000s\000i\000o\000n\000\040\000P\000o\000i\000n\000t\000s}{chapter.9}% 88
\BOOKMARK [1][-]{section.9.5}{\376\377\000S\000a\000m\000p\000l\000e\000\040\000P\000l\000a\000c\000e\000h\000o\000l\000d\000e\000r\000\040\000R\000e\000s\000u\000l\000t\000\040\000T\000a\000b\000l\000e\000s}{chapter.9}% 89
\BOOKMARK [1][-]{section.9.6}{\376\377\000I\000n\000t\000e\000r\000p\000r\000e\000t\000a\000t\000i\000o\000n\000\040\000o\000f\000\040\000E\000x\000p\000e\000c\000t\000e\000d\000\040\000S\000i\000g\000n\000i\000f\000i\000c\000a\000n\000c\000e}{chapter.9}% 90
\BOOKMARK [0][-]{chapter.10}{\376\377\000A\000d\000v\000a\000n\000t\000a\000g\000e\000s\000,\000\040\000L\000i\000m\000i\000t\000a\000t\000i\000o\000n\000s\000,\000\040\000a\000n\000d\000\040\000F\000u\000t\000u\000r\000e\000\040\000S\000c\000o\000p\000e}{}% 91
\BOOKMARK [1][-]{section.10.1}{\376\377\000A\000d\000v\000a\000n\000t\000a\000g\000e\000s\000\040\000o\000f\000\040\000t\000h\000e\000\040\000P\000r\000o\000p\000o\000s\000e\000d\000\040\000S\000y\000s\000t\000e\000m}{chapter.10}% 92
\BOOKMARK [2][-]{subsection.10.1.1}{\376\377\000P\000e\000r\000s\000o\000n\000a\000l\000i\000z\000a\000t\000i\000o\000n}{section.10.1}% 93
\BOOKMARK [2][-]{subsection.10.1.2}{\376\377\000E\000x\000p\000l\000a\000i\000n\000a\000b\000i\000l\000i\000t\000y}{section.10.1}% 94
\BOOKMARK [2][-]{subsection.10.1.3}{\376\377\000A\000c\000c\000e\000s\000s\000i\000b\000i\000l\000i\000t\000y}{section.10.1}% 95
\BOOKMARK [2][-]{subsection.10.1.4}{\376\377\000P\000r\000a\000c\000t\000i\000c\000a\000l\000\040\000B\000u\000d\000g\000e\000t\000i\000n\000g\000\040\000S\000u\000p\000p\000o\000r\000t}{section.10.1}% 96
\BOOKMARK [2][-]{subsection.10.1.5}{\376\377\000P\000r\000i\000v\000a\000c\000y\000\040\000A\000w\000a\000r\000e\000n\000e\000s\000s}{section.10.1}% 97
\BOOKMARK [2][-]{subsection.10.1.6}{\376\377\000E\000d\000u\000c\000a\000t\000i\000o\000n\000a\000l\000\040\000V\000a\000l\000u\000e}{section.10.1}% 98
\BOOKMARK [1][-]{section.10.2}{\376\377\000L\000i\000m\000i\000t\000a\000t\000i\000o\000n\000s\000\040\000o\000f\000\040\000t\000h\000e\000\040\000P\000r\000o\000p\000o\000s\000e\000d\000\040\000S\000y\000s\000t\000e\000m}{chapter.10}% 99
\BOOKMARK [2][-]{subsection.10.2.1}{\376\377\000D\000e\000p\000e\000n\000d\000e\000n\000c\000e\000\040\000o\000n\000\040\000I\000n\000p\000u\000t\000\040\000Q\000u\000a\000l\000i\000t\000y}{section.10.2}% 100
\BOOKMARK [2][-]{subsection.10.2.2}{\376\377\000C\000o\000l\000d\000\040\000S\000t\000a\000r\000t\000\040\000P\000r\000o\000b\000l\000e\000m}{section.10.2}% 101
\BOOKMARK [2][-]{subsection.10.2.3}{\376\377\000G\000e\000n\000e\000r\000a\000l\000i\000z\000a\000t\000i\000o\000n\000\040\000L\000i\000m\000i\000t\000s}{section.10.2}% 102
\BOOKMARK [2][-]{subsection.10.2.4}{\376\377\000P\000r\000i\000v\000a\000c\000y\000-\000C\000o\000m\000p\000u\000t\000a\000t\000i\000o\000n\000\040\000T\000r\000a\000d\000e\000-\000O\000f\000f}{section.10.2}% 103
\BOOKMARK [2][-]{subsection.10.2.5}{\376\377\000I\000n\000t\000e\000r\000p\000r\000e\000t\000a\000b\000i\000l\000i\000t\000y\000-\000C\000o\000m\000p\000l\000e\000x\000i\000t\000y\000\040\000T\000r\000a\000d\000e\000-\000O\000f\000f}{section.10.2}% 104
\BOOKMARK [1][-]{section.10.3}{\376\377\000F\000u\000t\000u\000r\000e\000\040\000S\000c\000o\000p\000e}{chapter.10}% 105
\BOOKMARK [0][-]{chapter*.16}{\376\377\000C\000o\000n\000c\000l\000u\000s\000i\000o\000n}{}% 106
