\BOOKMARK [1][-]{section.1}{\376\377\000I\000n\000t\000r\000o\000d\000u\000c\000t\000i\000o\000n}{}% 1
\BOOKMARK [1][-]{section.2}{\376\377\000P\000r\000o\000b\000l\000e\000m\000\040\000S\000t\000a\000t\000e\000m\000e\000n\000t\000\040\000a\000n\000d\000\040\000O\000b\000j\000e\000c\000t\000i\000v\000e\000s}{}% 2
\BOOKMARK [1][-]{section.3}{\376\377\000R\000e\000p\000o\000s\000i\000t\000o\000r\000y\000\040\000C\000o\000m\000p\000o\000s\000i\000t\000i\000o\000n\000\040\000a\000n\000d\000\040\000S\000c\000o\000p\000e}{}% 3
\BOOKMARK [1][-]{section.4}{\376\377\000S\000y\000s\000t\000e\000m\000\040\000A\000r\000c\000h\000i\000t\000e\000c\000t\000u\000r\000e\000\040\000a\000n\000d\000\040\000D\000a\000t\000a\000\040\000F\000l\000o\000w}{}% 4
\BOOKMARK [2][-]{subsection.4.1}{\376\377\000B\000a\000c\000k\000e\000n\000d\000\040\000a\000n\000d\000\040\000P\000e\000r\000s\000i\000s\000t\000e\000n\000c\000e}{section.4}% 5
\BOOKMARK [2][-]{subsection.4.2}{\376\377\000S\000t\000a\000t\000e\000\040\000M\000a\000n\000a\000g\000e\000m\000e\000n\000t}{section.4}% 6
\BOOKMARK [2][-]{subsection.4.3}{\376\377\000A\000I\000\040\000I\000n\000s\000i\000g\000h\000t\000\040\000P\000i\000p\000e\000l\000i\000n\000e}{section.4}% 7
\BOOKMARK [2][-]{subsection.4.4}{\376\377\000N\000o\000t\000i\000f\000i\000c\000a\000t\000i\000o\000n\000\040\000M\000o\000d\000e\000l}{section.4}% 8
\BOOKMARK [2][-]{subsection.4.5}{\376\377\000I\000m\000p\000l\000e\000m\000e\000n\000t\000e\000d\000\040\000F\000i\000n\000a\000n\000c\000i\000a\000l\000\040\000M\000e\000t\000r\000i\000c\000s}{section.4}% 9
\BOOKMARK [2][-]{subsection.4.6}{\376\377\000C\000o\000r\000e\000\040\000D\000a\000t\000a\000\040\000E\000n\000t\000i\000t\000i\000e\000s}{section.4}% 10
\BOOKMARK [2][-]{subsection.4.7}{\376\377\000E\000n\000d\000-\000t\000o\000-\000E\000n\000d\000\040\000U\000s\000e\000r\000\040\000W\000o\000r\000k\000f\000l\000o\000w}{section.4}% 11
\BOOKMARK [1][-]{section.5}{\376\377\000I\000m\000p\000l\000e\000m\000e\000n\000t\000a\000t\000i\000o\000n\000\040\000M\000e\000t\000h\000o\000d\000o\000l\000o\000g\000y}{}% 12
\BOOKMARK [1][-]{section.6}{\376\377\000I\000m\000p\000l\000e\000m\000e\000n\000t\000e\000d\000\040\000F\000u\000n\000c\000t\000i\000o\000n\000a\000l\000i\000t\000i\000e\000s}{}% 13
\BOOKMARK [2][-]{subsection.6.1}{\376\377\000C\000r\000o\000s\000s\000-\000P\000l\000a\000t\000f\000o\000r\000m\000\040\000C\000o\000r\000e\000\040\000F\000i\000n\000a\000n\000c\000e\000\040\000M\000o\000d\000u\000l\000e\000s}{section.6}% 14
\BOOKMARK [2][-]{subsection.6.2}{\376\377\000D\000e\000t\000a\000i\000l\000e\000d\000\040\000B\000e\000h\000a\000v\000i\000o\000r\000\040\000o\000f\000\040\000C\000o\000r\000e\000\040\000S\000c\000r\000e\000e\000n\000s}{section.6}% 15
\BOOKMARK [3][-]{subsubsection.6.2.1}{\376\377\000D\000a\000s\000h\000b\000o\000a\000r\000d}{subsection.6.2}% 16
\BOOKMARK [3][-]{subsubsection.6.2.2}{\376\377\000T\000r\000a\000n\000s\000a\000c\000t\000i\000o\000n\000\040\000M\000a\000n\000a\000g\000e\000m\000e\000n\000t}{subsection.6.2}% 17
\BOOKMARK [3][-]{subsubsection.6.2.3}{\376\377\000B\000u\000d\000g\000e\000t\000\040\000M\000a\000n\000a\000g\000e\000m\000e\000n\000t}{subsection.6.2}% 18
\BOOKMARK [3][-]{subsubsection.6.2.4}{\376\377\000G\000o\000a\000l\000\040\000T\000r\000a\000c\000k\000i\000n\000g}{subsection.6.2}% 19
\BOOKMARK [3][-]{subsubsection.6.2.5}{\376\377\000R\000e\000p\000o\000r\000t\000s\000\040\000a\000n\000d\000\040\000A\000n\000a\000l\000y\000t\000i\000c\000s}{subsection.6.2}% 20
\BOOKMARK [3][-]{subsubsection.6.2.6}{\376\377\000S\000e\000t\000t\000i\000n\000g\000s\000\040\000a\000n\000d\000\040\000C\000o\000n\000t\000r\000o\000l\000\040\000S\000u\000r\000f\000a\000c\000e}{subsection.6.2}% 21
\BOOKMARK [2][-]{subsection.6.3}{\376\377\000A\000I\000\040\000A\000s\000s\000i\000s\000t\000a\000n\000c\000e\000\040\000S\000u\000r\000f\000a\000c\000e\000s}{section.6}% 22
\BOOKMARK [2][-]{subsection.6.4}{\376\377\000D\000e\000t\000a\000i\000l\000e\000d\000\040\000W\000e\000b\000-\000O\000n\000l\000y\000\040\000P\000l\000a\000n\000n\000i\000n\000g\000\040\000E\000x\000t\000e\000n\000s\000i\000o\000n\000s}{section.6}% 23
\BOOKMARK [3][-]{subsubsection.6.4.1}{\376\377\000I\000n\000v\000e\000s\000t\000m\000e\000n\000t\000\040\000W\000o\000r\000k\000s\000p\000a\000c\000e}{subsection.6.4}% 24
\BOOKMARK [3][-]{subsubsection.6.4.2}{\376\377\000N\000o\000t\000i\000f\000i\000c\000a\000t\000i\000o\000n\000\040\000C\000e\000n\000t\000e\000r}{subsection.6.4}% 25
\BOOKMARK [3][-]{subsubsection.6.4.3}{\376\377\000I\000m\000p\000o\000r\000t\000,\000\040\000E\000x\000p\000o\000r\000t\000,\000\040\000a\000n\000d\000\040\000U\000t\000i\000l\000i\000t\000y\000\040\000T\000o\000o\000l\000i\000n\000g}{subsection.6.4}% 26
\BOOKMARK [2][-]{subsection.6.5}{\376\377\000W\000e\000b\000-\000S\000p\000e\000c\000i\000f\000i\000c\000\040\000E\000x\000t\000e\000n\000d\000e\000d\000\040\000M\000o\000d\000u\000l\000e\000s}{section.6}% 27
\BOOKMARK [2][-]{subsection.6.6}{\376\377\000A\000d\000d\000i\000t\000i\000o\000n\000s\000\040\000B\000e\000y\000o\000n\000d\000\040\000t\000h\000e\000\040\000E\000a\000r\000l\000i\000e\000r\000\040\000I\000E\000E\000E\000\040\000P\000a\000p\000e\000r}{section.6}% 28
\BOOKMARK [2][-]{subsection.6.7}{\376\377\000C\000l\000i\000e\000n\000t\000\040\000C\000o\000v\000e\000r\000a\000g\000e}{section.6}% 29
\BOOKMARK [1][-]{section.7}{\376\377\000T\000e\000c\000h\000n\000o\000l\000o\000g\000y\000\040\000S\000t\000a\000c\000k\000,\000\040\000A\000u\000t\000o\000m\000a\000t\000i\000o\000n\000,\000\040\000a\000n\000d\000\040\000T\000e\000s\000t\000i\000n\000g}{}% 30
\BOOKMARK [2][-]{subsection.7.1}{\376\377\000T\000e\000c\000h\000n\000o\000l\000o\000g\000y\000\040\000S\000t\000a\000c\000k}{section.7}% 31
\BOOKMARK [2][-]{subsection.7.2}{\376\377\000A\000u\000t\000o\000m\000a\000t\000i\000o\000n\000\040\000a\000n\000d\000\040\000D\000e\000l\000i\000v\000e\000r\000y}{section.7}% 32
\BOOKMARK [2][-]{subsection.7.3}{\376\377\000T\000e\000s\000t\000i\000n\000g\000\040\000a\000n\000d\000\040\000V\000e\000r\000i\000f\000i\000c\000a\000t\000i\000o\000n}{section.7}% 33
\BOOKMARK [1][-]{section.8}{\376\377\000C\000u\000r\000r\000e\000n\000t\000\040\000S\000t\000a\000t\000u\000s\000\040\000a\000n\000d\000\040\000L\000i\000m\000i\000t\000a\000t\000i\000o\000n\000s}{}% 34
\BOOKMARK [1][-]{section.9}{\376\377\000C\000o\000n\000c\000l\000u\000s\000i\000o\000n}{}% 35
\BOOKMARK [1][-]{section*.2}{\376\377\000R\000e\000f\000e\000r\000e\000n\000c\000e\000s}{}% 36
